<html>
<body>
<pre>
<h1>µVision Build Log</h1>
<h2>Project:</h2>
C:\Users\OAkun\Desktop\School\490B\PressurePadSole\PressurePadSole.uvproj
Project File Date:  01/30/2021

<h2>Output:</h2>
Build target 'Target 1'
assembling startup.s...
compiling main.c...
main.c(27): warning:  #1-D: last line of file ends without a newline
  }
main.c: 1 warning, 0 errors
linking...
Program Size: Code=1184 RO-data=16 RW-data=0 ZI-data=1120  
".\PressurePadSole.axf" - 0 Error(s), 1 Warning(s).
</pre>
</body>
</html>
