<html>
<body>
<pre>
<h1>µVision Build Log</h1>
<h2>Project:</h2>
C:\Users\OAkun\Desktop\School\490B\Final\RightSoleMaster\RightSoleMaster.uvproj
Project File Date:  05/03/2021

<h2>Output:</h2>
Rebuild target 'Target 1'
compiling init.c...
init.h(20): warning:  #1-D: last line of file ends without a newline
   
init.c(307): warning:  #1-D: last line of file ends without a newline
  }
init.c: 2 warnings, 0 errors
compiling main.c...
init.h(20): warning:  #1-D: last line of file ends without a newline
   
Storage.h(12): warning:  #1295-D: Deprecated declaration bootup - give arg types
  void bootup ();
Storage.h(16): warning:  #1295-D: Deprecated declaration createUserFile - give arg types
  FRESULT createUserFile();
Storage.h(37): warning:  #1295-D: Deprecated declaration initSession - give arg types
  void initSession ();
Storage.h(39): warning:  #1295-D: Deprecated declaration getSessionAmounts - give arg types
  char getSessionAmounts();
Storage.h(41): warning:  #1295-D: Deprecated declaration setSessionAmounts - give arg types
  void setSessionAmounts();
Storage.h(43): warning:  #1295-D: Deprecated declaration getSessionNumber - give arg types
  char getSessionNumber(); 
Storage.h(45): warning:  #1295-D: Deprecated declaration setSessionNumber - give arg types
  void setSessionNumber(); 
Storage.h(53): warning:  #1295-D: Deprecated declaration readPressurePad - give arg types
  char * readPressurePad();
Storage.h(62): warning:  #1-D: last line of file ends without a newline
  #endif
Master.h(33): warning:  #1-D: last line of file ends without a newline
   #endif 
main.c(21): warning:  #167-D: argument of type "unsigned char *" is incompatible with parameter of type "char *"
        storageSetup(&name);
main.c(22): warning:  #223-D: function "signalMasterSlave" declared implicitly
        signalMasterSlave(); 
main.c(26): warning:  #167-D: argument of type "unsigned char *" is incompatible with parameter of type "char *"
        storageSetup(&name);
main.c(13): warning:  #177-D: variable "begin" was declared but never referenced
        char begin = 0; 
main.c(14): warning:  #177-D: variable "i" was declared but never referenced
        int i; 
main.c: 16 warnings, 0 errors
compiling Sender.c...
Sender.c(117): warning:  #1-D: last line of file ends without a newline
  }
Sender.c: 1 warning, 0 errors
assembling startup.s...
compiling PLL.c...
compiling diskio.c...
compiling ff.c...
compiling Storage.c...
Storage.h(12): warning:  #1295-D: Deprecated declaration bootup - give arg types
  void bootup ();
Storage.h(16): warning:  #1295-D: Deprecated declaration createUserFile - give arg types
  FRESULT createUserFile();
Storage.h(37): warning:  #1295-D: Deprecated declaration initSession - give arg types
  void initSession ();
Storage.h(39): warning:  #1295-D: Deprecated declaration getSessionAmounts - give arg types
  char getSessionAmounts();
Storage.h(41): warning:  #1295-D: Deprecated declaration setSessionAmounts - give arg types
  void setSessionAmounts();
Storage.h(43): warning:  #1295-D: Deprecated declaration getSessionNumber - give arg types
  char getSessionNumber(); 
Storage.h(45): warning:  #1295-D: Deprecated declaration setSessionNumber - give arg types
  void setSessionNumber(); 
Storage.h(53): warning:  #1295-D: Deprecated declaration readPressurePad - give arg types
  char * readPressurePad();
Storage.h(62): warning:  #1-D: last line of file ends without a newline
  #endif
Storage.c(70): warning:  #177-D: variable "value" was declared but never referenced
                char * value; 
Storage.c(124): warning:  #1295-D: Deprecated declaration writePressurePadHex - give arg types
  void writePressurePadHex(); 
Storage.c: 11 warnings, 0 errors
compiling Master.c...
Master.h(33): warning:  #1-D: last line of file ends without a newline
   #endif 
Master.h(33): warning:  #1-D: last line of file ends without a newline
   #endif 
Master.c(74): warning:  #1-D: last line of file ends without a newline
  }
Master.c: 3 warnings, 0 errors
linking...
Program Size: Code=18010 RO-data=174 RW-data=60 ZI-data=4580  
".\RightSoleMaster.axf" - 0 Error(s), 33 Warning(s).
Load "C:\\Users\\OAkun\\Desktop\\School\\490B\\Final\\RightSoleMaster\\RightSoleMaster.axf" 
Connecting: Mode=JTAG, Speed=1000000Hz
Erase Done.
Programming Done.
Verify OK.
</pre>
</body>
</html>
ror(s), 34 Warning(s).
Target not created
d symbol UART3_OutChar (referred from master.o).
Not enough information to list image symbols.
Finished: 1 information, 0 warning and 2 error messages.
".\RightSoleMaster.axf" - 2 Error(s), 35 Warning(s).
Target not created
