ARM Linker, 5.03 [Build 76] [MDK-ARM Lite]

==============================================================================

Section Cross References

    startup.o(STACK) refers (Special) to heapauxi.o(.text) for __use_two_region_memory
    startup.o(HEAP) refers (Special) to heapauxi.o(.text) for __use_two_region_memory
    startup.o(RESET) refers (Special) to heapauxi.o(.text) for __use_two_region_memory
    startup.o(RESET) refers to startup.o(STACK) for StackMem
    startup.o(RESET) refers to diskio.o(i.Timer5A_Handler) for Timer5A_Handler
    startup.o(RESET) refers to __main.o(!!!main) for __main
    startup.o(.text) refers (Special) to heapauxi.o(.text) for __use_two_region_memory
    startup.o(.text) refers to startup.o(HEAP) for HeapMem
    startup.o(.text) refers to startup.o(STACK) for StackMem
    diskio.o(i.SSI0_Init) refers to diskio.o(i.Timer5_Init) for Timer5_Init
    diskio.o(i.SSI0_Init) refers to diskio.o(i.CS_Init) for CS_Init
    diskio.o(i.Timer5A_Handler) refers to diskio.o(i.disk_timerproc) for disk_timerproc
    diskio.o(i.deselect) refers to diskio.o(i.xchg_spi) for xchg_spi
    diskio.o(i.disk_initialize) refers to diskio.o(i.init_spi) for init_spi
    diskio.o(i.disk_initialize) refers to diskio.o(i.xchg_spi) for xchg_spi
    diskio.o(i.disk_initialize) refers to diskio.o(i.send_cmd) for send_cmd
    diskio.o(i.disk_initialize) refers to diskio.o(i.deselect) for deselect
    diskio.o(i.disk_initialize) refers to diskio.o(.data) for Stat
    diskio.o(i.disk_ioctl) refers to diskio.o(i.select) for select
    diskio.o(i.disk_ioctl) refers to diskio.o(i.send_cmd) for send_cmd
    diskio.o(i.disk_ioctl) refers to diskio.o(i.rcvr_datablock) for rcvr_datablock
    diskio.o(i.disk_ioctl) refers to diskio.o(i.xchg_spi) for xchg_spi
    diskio.o(i.disk_ioctl) refers to diskio.o(i.wait_ready) for wait_ready
    diskio.o(i.disk_ioctl) refers to diskio.o(i.deselect) for deselect
    diskio.o(i.disk_ioctl) refers to diskio.o(.data) for Stat
    diskio.o(i.disk_read) refers to diskio.o(i.send_cmd) for send_cmd
    diskio.o(i.disk_read) refers to diskio.o(i.rcvr_datablock) for rcvr_datablock
    diskio.o(i.disk_read) refers to diskio.o(i.deselect) for deselect
    diskio.o(i.disk_read) refers to diskio.o(.data) for Stat
    diskio.o(i.disk_status) refers to diskio.o(.data) for Stat
    diskio.o(i.disk_timerproc) refers to diskio.o(.data) for Timer1
    diskio.o(i.disk_write) refers to diskio.o(i.send_cmd) for send_cmd
    diskio.o(i.disk_write) refers to diskio.o(i.xmit_datablock) for xmit_datablock
    diskio.o(i.disk_write) refers to diskio.o(i.deselect) for deselect
    diskio.o(i.disk_write) refers to diskio.o(.data) for Stat
    diskio.o(i.init_spi) refers to diskio.o(i.SSI0_Init) for SSI0_Init
    diskio.o(i.init_spi) refers to diskio.o(.data) for Timer1
    diskio.o(i.rcvr_datablock) refers to diskio.o(i.xchg_spi) for xchg_spi
    diskio.o(i.rcvr_datablock) refers to diskio.o(i.rcvr_spi_multi) for rcvr_spi_multi
    diskio.o(i.rcvr_datablock) refers to diskio.o(.data) for Timer1
    diskio.o(i.rcvr_spi_multi) refers to diskio.o(i.rcvr_spi) for rcvr_spi
    diskio.o(i.select) refers to diskio.o(i.xchg_spi) for xchg_spi
    diskio.o(i.select) refers to diskio.o(i.wait_ready) for wait_ready
    diskio.o(i.select) refers to diskio.o(i.deselect) for deselect
    diskio.o(i.send_cmd) refers to diskio.o(i.deselect) for deselect
    diskio.o(i.send_cmd) refers to diskio.o(i.select) for select
    diskio.o(i.send_cmd) refers to diskio.o(i.xchg_spi) for xchg_spi
    diskio.o(i.wait_ready) refers to diskio.o(i.xchg_spi) for xchg_spi
    diskio.o(i.wait_ready) refers to diskio.o(.data) for Timer2
    diskio.o(i.xmit_datablock) refers to diskio.o(i.wait_ready) for wait_ready
    diskio.o(i.xmit_datablock) refers to diskio.o(i.xchg_spi) for xchg_spi
    diskio.o(i.xmit_datablock) refers to diskio.o(i.xmit_spi_multi) for xmit_spi_multi
    ff.o(i.check_fs) refers to ff.o(i.move_window) for move_window
    ff.o(i.create_chain) refers to ff.o(i.get_fat) for get_fat
    ff.o(i.create_chain) refers to ff.o(i.put_fat) for put_fat
    ff.o(i.create_name) refers to ff.o(i.mem_set) for mem_set
    ff.o(i.create_name) refers to ff.o(i.chk_chr) for chk_chr
    ff.o(i.dir_alloc) refers to ff.o(i.dir_sdi) for dir_sdi
    ff.o(i.dir_alloc) refers to ff.o(i.move_window) for move_window
    ff.o(i.dir_alloc) refers to ff.o(i.dir_next) for dir_next
    ff.o(i.dir_find) refers to ff.o(i.dir_sdi) for dir_sdi
    ff.o(i.dir_find) refers to ff.o(i.move_window) for move_window
    ff.o(i.dir_find) refers to ff.o(i.mem_cmp) for mem_cmp
    ff.o(i.dir_find) refers to ff.o(i.dir_next) for dir_next
    ff.o(i.dir_next) refers to ff.o(i.get_fat) for get_fat
    ff.o(i.dir_next) refers to ff.o(i.create_chain) for create_chain
    ff.o(i.dir_next) refers to ff.o(i.sync_window) for sync_window
    ff.o(i.dir_next) refers to ff.o(i.mem_set) for mem_set
[...]
    sdcfile.o(i.main) refers to ff.o(i.f_open) for f_open
    sdcfile.o(i.main) refers to ff.o(i.f_read) for f_read
    sdcfile.o(i.main) refers to st7735.o(i.ST7735_DrawChar) for ST7735_DrawChar
    sdcfile.o(i.main) refers to ff.o(i.f_close) for f_close
    sdcfile.o(i.main) refers to st7735.o(i.ST7735_SetCursor) for ST7735_SetCursor
    sdcfile.o(i.main) refers to st7735.o(i.ST7735_SetTextColor) for ST7735_SetTextColor
    sdcfile.o(i.main) refers to st7735.o(i.ST7735_OutUDec) for ST7735_OutUDec
    sdcfile.o(i.main) refers to ff.o(i.f_lseek) for f_lseek
    sdcfile.o(i.main) refers to ff.o(i.f_write) for f_write
    sdcfile.o(i.main) refers to sdcfile.o(.bss) for g_sFatFs
    sdcfile.o(i.main) refers to sdcfile.o(.data) for MountFresult
    sdcfile.o(i.main) refers to sdcfile.o(.constdata) for inFilename
    st7735.o(i.Delay1ms) refers to st7735.o(.emb_text) for Delay
    st7735.o(i.Output_Clear) refers to st7735.o(i.ST7735_FillScreen) for ST7735_FillScreen
    st7735.o(i.Output_Color) refers to st7735.o(i.ST7735_SetTextColor) for ST7735_SetTextColor
    st7735.o(i.Output_Init) refers to st7735.o(i.ST7735_InitR) for ST7735_InitR
    st7735.o(i.Output_Init) refers to st7735.o(i.ST7735_FillScreen) for ST7735_FillScreen
    st7735.o(i.Output_Off) refers to st7735.o(i.Output_Clear) for Output_Clear
    st7735.o(i.Output_On) refers to st7735.o(i.Output_Init) for Output_Init
    st7735.o(i.ST7735_DrawBitmap) refers to st7735.o(i.setAddrWindow) for setAddrWindow
    st7735.o(i.ST7735_DrawBitmap) refers to st7735.o(i.writedata) for writedata
    st7735.o(i.ST7735_DrawBitmap) refers to st7735.o(.data) for _width
    st7735.o(i.ST7735_DrawChar) refers to st7735.o(i.setAddrWindow) for setAddrWindow
    st7735.o(i.ST7735_DrawChar) refers to st7735.o(i.pushColor) for pushColor
    st7735.o(i.ST7735_DrawChar) refers to st7735.o(.data) for _width
    st7735.o(i.ST7735_DrawChar) refers to st7735.o(.constdata) for Font
    st7735.o(i.ST7735_DrawCharS) refers to st7735.o(i.ST7735_DrawPixel) for ST7735_DrawPixel
    st7735.o(i.ST7735_DrawCharS) refers to st7735.o(i.ST7735_FillRect) for ST7735_FillRect
    st7735.o(i.ST7735_DrawCharS) refers to st7735.o(.data) for _width
    st7735.o(i.ST7735_DrawCharS) refers to st7735.o(.constdata) for Font
    st7735.o(i.ST7735_DrawCircle) refers to st7735.o(i.setAddrWindow) for setAddrWindow
    st7735.o(i.ST7735_DrawCircle) refers to st7735.o(i.writedata) for writedata
    st7735.o(i.ST7735_DrawCircle) refers to st7735.o(.data) for _width
    st7735.o(i.ST7735_DrawCircle) refers to st7735.o(.constdata) for circle
    st7735.o(i.ST7735_DrawFastHLine) refers to st7735.o(i.setAddrWindow) for setAddrWindow
    st7735.o(i.ST7735_DrawFastHLine) refers to st7735.o(i.writedata) for writedata
    st7735.o(i.ST7735_DrawFastHLine) refers to st7735.o(.data) for _width
    st7735.o(i.ST7735_DrawFastVLine) refers to st7735.o(i.setAddrWindow) for setAddrWindow
    st7735.o(i.ST7735_DrawFastVLine) refers to st7735.o(i.writedata) for writedata
    st7735.o(i.ST7735_DrawFastVLine) refers to st7735.o(.data) for _width
    st7735.o(i.ST7735_DrawPixel) refers to st7735.o(i.setAddrWindow) for setAddrWindow
    st7735.o(i.ST7735_DrawPixel) refers to st7735.o(i.pushColor) for pushColor
    st7735.o(i.ST7735_DrawPixel) refers to st7735.o(.data) for _width
    st7735.o(i.ST7735_DrawSmallCircle) refers to st7735.o(i.setAddrWindow) for setAddrWindow
    st7735.o(i.ST7735_DrawSmallCircle) refers to st7735.o(i.writedata) for writedata
    st7735.o(i.ST7735_DrawSmallCircle) refers to st7735.o(.data) for _width
    st7735.o(i.ST7735_DrawSmallCircle) refers to st7735.o(.constdata) for smallCircle
    st7735.o(i.ST7735_DrawString) refers to st7735.o(i.ST7735_DrawCharS) for ST7735_DrawCharS
    st7735.o(i.ST7735_FillRect) refers to st7735.o(i.setAddrWindow) for setAddrWindow
    st7735.o(i.ST7735_FillRect) refers to st7735.o(i.writedata) for writedata
    st7735.o(i.ST7735_FillRect) refers to st7735.o(.data) for _width
    st7735.o(i.ST7735_FillScreen) refers to st7735.o(i.ST7735_FillRect) for ST7735_FillRect
    st7735.o(i.ST7735_FillScreen) refers to st7735.o(.data) for _height
    st7735.o(i.ST7735_InitB) refers to st7735.o(i.commonInit) for commonInit
    st7735.o(i.ST7735_InitB) refers to st7735.o(i.ST7735_SetCursor) for ST7735_SetCursor
    st7735.o(i.ST7735_InitB) refers to st7735.o(i.ST7735_FillScreen) for ST7735_FillScreen
    st7735.o(i.ST7735_InitB) refers to st7735.o(.constdata) for Bcmd
    st7735.o(i.ST7735_InitB) refers to st7735.o(.data) for StTextColor
    st7735.o(i.ST7735_InitR) refers to st7735.o(i.commonInit) for commonInit
    st7735.o(i.ST7735_InitR) refers to st7735.o(i.commandList) for commandList
    st7735.o(i.ST7735_InitR) refers to st7735.o(i.writecommand) for writecommand
    st7735.o(i.ST7735_InitR) refers to st7735.o(i.writedata) for writedata
    st7735.o(i.ST7735_InitR) refers to st7735.o(i.ST7735_SetCursor) for ST7735_SetCursor
    st7735.o(i.ST7735_InitR) refers to st7735.o(i.ST7735_FillScreen) for ST7735_FillScreen
    st7735.o(i.ST7735_InitR) refers to st7735.o(.constdata) for Rcmd1
    st7735.o(i.ST7735_InitR) refers to st7735.o(.data) for ColStart
    st7735.o(i.ST7735_InvertDisplay) refers to st7735.o(i.writecommand) for writecommand
    st7735.o(i.ST7735_OutChar) refers to st7735.o(i.ST7735_DrawString) for ST7735_DrawString
    st7735.o(i.ST7735_OutChar) refers to st7735.o(i.ST7735_DrawCharS) for ST7735_DrawCharS
    st7735.o(i.ST7735_OutChar) refers to st7735.o(.data) for StY
    st7735.o(i.ST7735_OutString) refers to st7735.o(i.ST7735_OutChar) for ST7735_OutChar
    st7735.o(i.ST7735_OutUDec) refers to st7735.o(i.fillmessage) for fillmessage
    st7735.o(i.ST7735_OutUDec) refers to st7735.o(i.ST7735_DrawString) for ST7735_DrawString
    st7735.o(i.ST7735_OutUDec) refers to st7735.o(i.ST7735_DrawCharS) for ST7735_DrawCharS
    st7735.o(i.ST7735_OutUDec) refers to st7735.o(.data) for Messageindex
    st7735.o(i.ST7735_OutUDec) refers to st7735.o(.bss) for Message
    st7735.o(i.ST7735_PlotBar) refers to st7735.o(i.ST7735_DrawFastVLine) for ST7735_DrawFastVLine
    st7735.o(i.ST7735_PlotBar) refers to st7735.o(.data) for Ymin
    st7735.o(i.ST7735_PlotClear) refers to st7735.o(i.ST7735_Color565) for ST7735_Color565
    st7735.o(i.ST7735_PlotClear) refers to st7735.o(i.ST7735_FillRect) for ST7735_FillRect
    st7735.o(i.ST7735_PlotClear) refers to st7735.o(.data) for Ymax
    st7735.o(i.ST7735_PlotLine) refers to st7735.o(i.ST7735_DrawPixel) for ST7735_DrawPixel
    st7735.o(i.ST7735_PlotLine) refers to st7735.o(.data) for Ymin
    st7735.o(i.ST7735_PlotNext) refers to st7735.o(.data) for X
    st7735.o(i.ST7735_PlotNextErase) refers to st7735.o(i.ST7735_Color565) for ST7735_Color565
    st7735.o(i.ST7735_PlotNextErase) refers to st7735.o(i.ST7735_DrawFastVLine) for ST7735_DrawFastVLine
    st7735.o(i.ST7735_PlotNextErase) refers to st7735.o(.data) for X
    st7735.o(i.ST7735_PlotPoint) refers to st7735.o(i.ST7735_DrawPixel) for ST7735_DrawPixel
    st7735.o(i.ST7735_PlotPoint) refers to st7735.o(.data) for Ymin
    st7735.o(i.ST7735_PlotPoints) refers to st7735.o(i.ST7735_DrawPixel) for ST7735_DrawPixel
    st7735.o(i.ST7735_PlotPoints) refers to st7735.o(.data) for Ymin
    st7735.o(i.ST7735_PlotdBfs) refers to st7735.o(i.ST7735_DrawFastVLine) for ST7735_DrawFastVLine
    st7735.o(i.ST7735_PlotdBfs) refers to st7735.o(.constdata) for dBfs
    st7735.o(i.ST7735_PlotdBfs) refers to st7735.o(.data) for X
    st7735.o(i.ST7735_SetCursor) refers to st7735.o(.data) for StX
    st7735.o(i.ST7735_SetRotation) refers to st7735.o(i.writecommand) for writecommand
    st7735.o(i.ST7735_SetRotation) refers to st7735.o(i.writedata) for writedata
    st7735.o(i.ST7735_SetRotation) refers to st7735.o(.data) for Rotation
    st7735.o(i.ST7735_SetTextColor) refers to st7735.o(.data) for StTextColor
    st7735.o(i.commandList) refers to st7735.o(i.writecommand) for writecommand
    st7735.o(i.commandList) refers to st7735.o(i.writedata) for writedata
    st7735.o(i.commandList) refers to st7735.o(i.Delay1ms) for Delay1ms
    st7735.o(i.commonInit) refers to st7735.o(i.Delay1ms) for Delay1ms
    st7735.o(i.commonInit) refers to st7735.o(i.SDC_CS_Init) for SDC_CS_Init
    st7735.o(i.commonInit) refers to st7735.o(i.commandList) for commandList
    st7735.o(i.commonInit) refers to st7735.o(.data) for RowStart
    st7735.o(i.fillmessage) refers to st7735.o(.bss) for Message
    st7735.o(i.fillmessage) refers to st7735.o(.data) for Messageindex
    st7735.o(i.fputc) refers to st7735.o(i.ST7735_OutChar) for ST7735_OutChar
    st7735.o(i.pushColor) refers to st7735.o(i.writedata) for writedata
    st7735.o(i.setAddrWindow) refers to st7735.o(i.writecommand) for writecommand
    st7735.o(i.setAddrWindow) refers to st7735.o(i.writedata) for writedata
    st7735.o(i.setAddrWindow) refers to st7735.o(.data) for ColStart
    __main.o(!!!main) refers to rtentry.o(.ARM.Collect$$rtentry$$00000000) for __rt_entry
    rtentry.o(.ARM.Collect$$rtentry$$00000000) refers (Special) to rtentry2.o(.ARM.Collect$$rtentry$$0000000A) for __rt_entry_li
    rtentry.o(.ARM.Collect$$rtentry$$00000000) refers (Special) to rtentry2.o(.ARM.Collect$$rtentry$$0000000D) for __rt_entry_main
    rtentry.o(.ARM.Collect$$rtentry$$00000000) refers (Special) to rtentry2.o(.ARM.Collect$$rtentry$$0000000C) for __rt_entry_postli_1
    rtentry.o(.ARM.Collect$$rtentry$$00000000) refers (Special) to rtentry2.o(.ARM.Collect$$rtentry$$00000009) for __rt_entry_postsh_1
    rtentry.o(.ARM.Collect$$rtentry$$00000000) refers (Special) to rtentry2.o(.ARM.Collect$$rtentry$$00000002) for __rt_entry_presh_1
    rtentry.o(.ARM.Collect$$rtentry$$00000000) refers (Special) to rtentry4.o(.ARM.Collect$$rtentry$$00000004) for __rt_entry_sh
    rtentry2.o(.ARM.Collect$$rtentry$$00000008) refers to boardinit2.o(.text) for _platform_post_stackheap_init
    rtentry2.o(.ARM.Collect$$rtentry$$0000000A) refers to libinit.o(.ARM.Collect$$libinit$$00000000) for __rt_lib_init
    rtentry2.o(.ARM.Collect$$rtentry$$0000000B) refers to boardinit3.o(.text) for _platform_post_lib_init
    rtentry2.o(.ARM.Collect$$rtentry$$0000000D) refers to sdcfile.o(i.main) for main
    rtentry2.o(.ARM.Collect$$rtentry$$0000000D) refers to exit.o(.text) for exit
    rtentry2.o(.ARM.exidx) refers to rtentry2.o(.ARM.Collect$$rtentry$$00000001) for .ARM.Collect$$rtentry$$00000001
    rtentry2.o(.ARM.exidx) refers to rtentry2.o(.ARM.Collect$$rtentry$$00000008) for .ARM.Collect$$rtentry$$00000008
    rtentry2.o(.ARM.exidx) refers to rtentry2.o(.ARM.Collect$$rtentry$$0000000A) for .ARM.Collect$$rtentry$$0000000A
    rtentry2.o(.ARM.exidx) refers to rtentry2.o(.ARM.Collect$$rtentry$$0000000B) for .ARM.Collect$$rtentry$$0000000B
    rtentry2.o(.ARM.exidx) refers to rtentry2.o(.ARM.Collect$$rtentry$$0000000D) for .ARM.Collect$$rtentry$$0000000D
    rtentry4.o(.ARM.Collect$$rtentry$$00000004) refers to sys_stackheap_outer.o(.text) for __user_setup_stackheap
    rtentry4.o(.ARM.exidx) refers to rtentry4.o(.ARM.Collect$$rtentry$$00000004) for .ARM.Collect$$rtentry$$00000004
    sys_stackheap_outer.o(.text) refers to libspace.o(.text) for __user_perproc_libspace
    sys_stackheap_outer.o(.text) refers to startup.o(.text) for __user_initial_stackheap
    exit.o(.text) refers to rtexit.o(.ARM.Collect$$rtexit$$00000000) for __rt_exit
    libinit.o(.ARM.Collect$$libinit$$00000000) refers (Special) to libinit2.o(.ARM.Collect$$libinit$$0000002C) for __rt_lib_init_alloca_1
    libinit.o(.ARM.Collect$$libinit$$00000000) refers (Special) to libinit2.o(.ARM.Collect$$libinit$$0000002A) for __rt_lib_init_argv_1
    libinit.o(.ARM.Collect$$libinit$$00000000) refers (Special) to libinit2.o(.ARM.Collect$$libinit$$00000019) for __rt_lib_init_atexit_1
    libinit.o(.ARM.Collect$$libinit$$00000000) refers (Special) to libinit2.o(.ARM.Collect$$libinit$$0000001F) for __rt_lib_init_clock_1
    libinit.o(.ARM.Collect$$libinit$$00000000) refers (Special) to libinit2.o(.ARM.Collect$$libinit$$00000030) for __rt_lib_init_cpp_1
    libinit.o(.ARM.Collect$$libinit$$00000000) refers (Special) to libinit2.o(.ARM.Collect$$libinit$$0000002E) for __rt_lib_init_exceptions_1
    libinit.o(.ARM.Collect$$libinit$$00000000) refers (Special) to libinit2.o(.ARM.Collect$$libinit$$00000002) for __rt_lib_init_fp_1
    libinit.o(.ARM.Collect$$libinit$$00000000) refers (Special) to libinit2.o(.ARM.Collect$$libinit$$0000001D) for __rt_lib_init_fp_trap_1
    libinit.o(.ARM.Collect$$libinit$$00000000) refers (Special) to libinit2.o(.ARM.Collect$$libinit$$00000021) for __rt_lib_init_getenv_1
    libinit.o(.ARM.Collect$$libinit$$00000000) refers (Special) to libinit2.o(.ARM.Collect$$libinit$$00000008) for __rt_lib_init_heap_1
    libinit.o(.ARM.Collect$$libinit$$00000000) refers (Special) to libinit2.o(.ARM.Collect$$libinit$$0000000F) for __rt_lib_init_lc_collate_1
    libinit.o(.ARM.Collect$$libinit$$00000000) refers (Special) to libinit2.o(.ARM.Collect$$libinit$$00000011) for __rt_lib_init_lc_ctype_1
    libinit.o(.ARM.Collect$$libinit$$00000000) refers (Special) to libinit2.o(.ARM.Collect$$libinit$$00000013) for __rt_lib_init_lc_monetary_1
    libinit.o(.ARM.Collect$$libinit$$00000000) refers (Special) to libinit2.o(.ARM.Collect$$libinit$$00000015) for __rt_lib_init_lc_numeric_1
    libinit.o(.ARM.Collect$$libinit$$00000000) refers (Special) to libinit2.o(.ARM.Collect$$libinit$$00000017) for __rt_lib_init_lc_time_1
    libinit.o(.ARM.Collect$$libinit$$00000000) refers (Special) to libinit2.o(.ARM.Collect$$libinit$$0000000C) for __rt_lib_init_rand_1
    libinit.o(.ARM.Collect$$libinit$$00000000) refers (Special) to libinit2.o(.ARM.Collect$$libinit$$00000031) for __rt_lib_init_return
    libinit.o(.ARM.Collect$$libinit$$00000000) refers (Special) to libinit2.o(.ARM.Collect$$libinit$$0000001B) for __rt_lib_init_signal_1
    libinit.o(.ARM.Collect$$libinit$$00000000) refers (Special) to libinit2.o(.ARM.Collect$$libinit$$00000023) for __rt_lib_init_stdio_1
    libinit.o(.ARM.Collect$$libinit$$00000000) refers (Special) to libinit2.o(.ARM.Collect$$libinit$$0000000A) for __rt_lib_init_user_alloc_1
    libspace.o(.text) refers to libspace.o(.bss) for __libspace_start
    rtexit.o(.ARM.Collect$$rtexit$$00000000) refers (Special) to rtexit2.o(.ARM.Collect$$rtexit$$00000004) for __rt_exit_exit
    rtexit.o(.ARM.Collect$$rtexit$$00000000) refers (Special) to rtexit2.o(.ARM.Collect$$rtexit$$00000003) for __rt_exit_ls
    rtexit.o(.ARM.Collect$$rtexit$$00000000) refers (Special) to rtexit2.o(.ARM.Collect$$rtexit$$00000002) for __rt_exit_prels_1
    rtexit.o(.ARM.exidx) refers (Special) to rtexit2.o(.ARM.Collect$$rtexit$$00000004) for __rt_exit_exit
    rtexit.o(.ARM.exidx) refers (Special) to rtexit2.o(.ARM.Collect$$rtexit$$00000003) for __rt_exit_ls
    rtexit.o(.ARM.exidx) refers (Special) to rtexit2.o(.ARM.Collect$$rtexit$$00000002) for __rt_exit_prels_1
    rtexit.o(.ARM.exidx) refers to rtexit.o(.ARM.Collect$$rtexit$$00000000) for .ARM.Collect$$rtexit$$00000000
    libinit2.o(.ARM.Collect$$libinit$$0000000E) refers to libinit2.o(.ARM.Collect$$libinit$$0000000D) for .ARM.Collect$$libinit$$0000000D
    libinit2.o(.ARM.Collect$$libinit$$00000010) refers to libinit2.o(.ARM.Collect$$libinit$$0000000D) for .ARM.Collect$$libinit$$0000000D
    libinit2.o(.ARM.Collect$$libinit$$00000012) refers to libinit2.o(.ARM.Collect$$libinit$$0000000D) for .ARM.Collect$$libinit$$0000000D
    libinit2.o(.ARM.Collect$$libinit$$00000014) refers to libinit2.o(.ARM.Collect$$libinit$$0000000D) for .ARM.Collect$$libinit$$0000000D
    libinit2.o(.ARM.Collect$$libinit$$00000016) refers to libinit2.o(.ARM.Collect$$libinit$$0000000D) for .ARM.Collect$$libinit$$0000000D
    libinit2.o(.ARM.Collect$$libinit$$00000024) refers to argv_veneer.o(.emb_text) for __ARM_argv_veneer
    libinit2.o(.ARM.Collect$$libinit$$00000025) refers to argv_veneer.o(.emb_text) for __ARM_argv_veneer
    rtexit2.o(.ARM.Collect$$rtexit$$00000003) refers to libshutdown.o(.ARM.Collect$$libshutdown$$00000000) for __rt_lib_shutdown
    rtexit2.o(.ARM.Collect$$rtexit$$00000004) refers to sys_exit.o(.text) for _sys_exit
    rtexit2.o(.ARM.exidx) refers to rtexit2.o(.ARM.Collect$$rtexit$$00000001) for .ARM.Collect$$rtexit$$00000001
    rtexit2.o(.ARM.exidx) refers to rtexit2.o(.ARM.Collect$$rtexit$$00000003) for .ARM.Collect$$rtexit$$00000003
    rtexit2.o(.ARM.exidx) refers to rtexit2.o(.ARM.Collect$$rtexit$$00000004) for .ARM.Collect$$rtexit$$00000004
    argv_veneer.o(.emb_text) refers to no_argv.o(.text) for __ARM_get_argv
    sys_exit.o(.text) refers (Special) to use_no_semi.o(.text) for __I$use$semihosting
    sys_exit.o(.text) refers (Special) to indicate_semi.o(.text) for __semihosting_library_function
    _get_argv_nomalloc.o(.text) refers (Special) to hrguard.o(.text) for __heap_region$guard
    _get_argv_nomalloc.o(.text) refers to defsig_rtmem_outer.o(.text) for __rt_SIGRTMEM
    _get_argv_nomalloc.o(.text) refers to sys_command.o(.text) for _sys_command_string
    libshutdown.o(.ARM.Collect$$libshutdown$$00000000) refers (Special) to libshutdown2.o(.ARM.Collect$$libshutdown$$00000006) for __rt_lib_shutdown_fp_trap_1
    libshutdown.o(.ARM.Collect$$libshutdown$$00000000) refers (Special) to libshutdown2.o(.ARM.Collect$$libshutdown$$0000000E) for __rt_lib_shutdown_heap_1
    libshutdown.o(.ARM.Collect$$libshutdown$$00000000) refers (Special) to libshutdown2.o(.ARM.Collect$$libshutdown$$0000000F) for __rt_lib_shutdown_return
    libshutdown.o(.ARM.Collect$$libshutdown$$00000000) refers (Special) to libshutdown2.o(.ARM.Collect$$libshutdown$$00000009) for __rt_lib_shutdown_signal_1
    libshutdown.o(.ARM.Collect$$libshutdown$$00000000) refers (Special) to libshutdown2.o(.ARM.Collect$$libshutdown$$00000003) for __rt_lib_shutdown_stdio_1
    libshutdown.o(.ARM.Collect$$libshutdown$$00000000) refers (Special) to libshutdown2.o(.ARM.Collect$$libshutdown$$0000000B) for __rt_lib_shutdown_user_alloc_1
    sys_command.o(.text) refers (Special) to use_no_semi.o(.text) for __I$use$semihosting
    sys_command.o(.text) refers (Special) to indicate_semi.o(.text) for __semihosting_library_function
    defsig_rtmem_outer.o(.text) refers to defsig_rtmem_inner.o(.text) for __rt_SIGRTMEM_inner
    defsig_rtmem_outer.o(.text) refers to defsig_exit.o(.text) for __sig_exit
    defsig_rtmem_formal.o(.text) refers to rt_raise.o(.text) for __rt_raise
    rt_raise.o(.text) refers to __raise.o(.text) for __raise
    rt_raise.o(.text) refers to sys_exit.o(.text) for _sys_exit
    defsig_exit.o(.text) refers to sys_exit.o(.text) for _sys_exit
    defsig_rtmem_inner.o(.text) refers to defsig_general.o(.text) for __default_signal_display
    __raise.o(.text) refers to defsig.o(CL$$defsig) for __default_signal_handler
    defsig_general.o(.text) refers to sys_wrch.o(.text) for _ttywrch
    sys_wrch.o(.text) refers (Special) to use_no_semi.o(.text) for __I$use$semihosting
    sys_wrch.o(.text) refers (Special) to indicate_semi.o(.text) for __semihosting_library_function
    defsig.o(CL$$defsig) refers to defsig_rtmem_inner.o(.text) for __rt_SIGRTMEM_inner
    defsig_abrt_inner.o(.text) refers to defsig_general.o(.text) for __default_signal_display
    defsig_fpe_inner.o(.text) refers to defsig_general.o(.text) for __default_signal_display
    defsig_rtred_inner.o(.text) refers to defsig_general.o(.text) for __default_signal_display
    defsig_stak_inner.o(.text) refers to defsig_general.o(.text) for __default_signal_display
    defsig_pvfn_inner.o(.text) refers to defsig_general.o(.text) for __default_signal_display
    defsig_cppl_inner.o(.text) refers to defsig_general.o(.text) for __default_signal_display
    defsig_segv_inner.o(.text) refers to defsig_general.o(.text) for __default_signal_display
    defsig_other.o(.text) refers to defsig_general.o(.text) for __default_signal_display


==============================================================================

Removing Unused input sections from the image.

    Removing ff.o(i.dir_read), (112 bytes).
    Removing ff.o(i.dir_remove), (54 bytes).
    Removing ff.o(i.f_chdir), (84 bytes).
    Removing ff.o(i.f_chmod), (96 bytes).
    Removing ff.o(i.f_closedir), (22 bytes).
    Removing ff.o(i.f_getcwd), (274 bytes).
    Removing ff.o(i.f_getfree), (258 bytes).
    Removing ff.o(i.f_getlabel), (190 bytes).
    Removing ff.o(i.f_mkdir), (364 bytes).
    Removing ff.o(i.f_mkfs), (1608 bytes).
    Removing ff.o(i.f_opendir), (110 bytes).
    Removing ff.o(i.f_readdir), (88 bytes).
    Removing ff.o(i.f_rename), (270 bytes).
    Removing ff.o(i.f_setlabel), (488 bytes).
    Removing ff.o(i.f_stat), (60 bytes).
    Removing ff.o(i.f_truncate), (184 bytes).
    Removing ff.o(i.f_unlink), (190 bytes).
    Removing ff.o(i.f_utime), (98 bytes).
    Removing ff.o(i.get_fileinfo), (116 bytes).
    Removing ff.o(.constdata), (44 bytes).
    Removing sdcfile.o(i.SimpleUnformattedTest), (236 bytes).
    Removing sdcfile.o(i.diskError), (4 bytes).
    Removing st7735.o(i.Output_Clear), (10 bytes).
    Removing st7735.o(i.Output_Color), (12 bytes).
    Removing st7735.o(i.Output_Init), (16 bytes).
    Removing st7735.o(i.Output_Off), (8 bytes).
    Removing st7735.o(i.Output_On), (8 bytes).
    Removing st7735.o(i.ST7735_DrawBitmap), (288 bytes).
    Removing st7735.o(i.ST7735_DrawCircle), (168 bytes).
    Removing st7735.o(i.ST7735_DrawFastHLine), (124 bytes).
    Removing st7735.o(i.ST7735_DrawFastVLine), (124 bytes).
    Removing st7735.o(i.ST7735_DrawSmallCircle), (168 bytes).
    Removing st7735.o(i.ST7735_InitB), (40 bytes).
    Removing st7735.o(i.ST7735_InvertDisplay), (22 bytes).
    Removing st7735.o(i.ST7735_OutChar), (212 bytes).
    Removing st7735.o(i.ST7735_OutString), (24 bytes).
    Removing st7735.o(i.ST7735_PlotBar), (88 bytes).
    Removing st7735.o(i.ST7735_PlotClear), (92 bytes).
    Removing st7735.o(i.ST7735_PlotLine), (264 bytes).
    Removing st7735.o(i.ST7735_PlotNext), (32 bytes).
    Removing st7735.o(i.ST7735_PlotNextErase), (64 bytes).
    Removing st7735.o(i.ST7735_PlotPoint), (152 bytes).
    Removing st7735.o(i.ST7735_PlotPoints), (172 bytes).
    Removing st7735.o(i.ST7735_PlotdBfs), (60 bytes).
    Removing st7735.o(i.ST7735_SetRotation), (212 bytes).
    Removing st7735.o(i.ST7735_SwapColor), (18 bytes).
    Removing st7735.o(i.ferror), (8 bytes).
    Removing st7735.o(i.fgetc), (6 bytes).
    Removing st7735.o(i.fputc), (16 bytes).

49 unused section(s) (total 7358 bytes) removed from the image.

==============================================================================

Image Symbol Table

    Local Symbols

    Symbol Name                              Value     Ov Type        Size  Object(Section)

    RESET                                    0x00000000   Section      644  startup.o(RESET)
    ../clib/angel/boardlib.s                 0x00000000   Number         0  boardinit1.o ABSOLUTE
    ../clib/angel/boardlib.s                 0x00000000   Number         0  boardinit2.o ABSOLUTE
    ../clib/angel/boardlib.s                 0x00000000   Number         0  boardinit3.o ABSOLUTE
    ../clib/angel/boardlib.s                 0x00000000   Number         0  boardshut.o ABSOLUTE
    ../clib/angel/handlers.s                 0x00000000   Number         0  __scatter_copy.o ABSOLUTE
    ../clib/angel/handlers.s                 0x00000000   Number         0  __scatter_zi.o ABSOLUTE
    ../clib/angel/kernel.s                   0x00000000   Number         0  rtexit2.o ABSOLUTE
    ../clib/angel/kernel.s                   0x00000000   Number         0  rtexit.o ABSOLUTE
    ../clib/angel/kernel.s                   0x00000000   Number         0  rtentry.o ABSOLUTE
    ../clib/angel/kernel.s                   0x00000000   Number         0  rtentry2.o ABSOLUTE
    ../clib/angel/kernel.s                   0x00000000   Number         0  rtentry4.o ABSOLUTE
    ../clib/angel/rt.s                       0x00000000   Number         0  rt_raise.o ABSOLUTE
    ../clib/angel/scatter.s                  0x00000000   Number         0  __scatter.o ABSOLUTE
    ../clib/angel/startup.s                  0x00000000   Number         0  __main.o ABSOLUTE
    ../clib/angel/sys.s                      0x00000000   Number         0  indicate_semi.o ABSOLUTE
    ../clib/angel/sys.s                      0x00000000   Number         0  libspace.o ABSOLUTE
    ../clib/angel/sys.s                      0x00000000   Number         0  use_no_semi.o ABSOLUTE
    ../clib/angel/sys.s                      0x00000000   Number         0  sys_stackheap_outer.o ABSOLUTE
    ../clib/angel/sysapp.c                   0x00000000   Number         0  sys_command.o ABSOLUTE
    ../clib/angel/sysapp.c                   0x00000000   Number         0  sys_exit.o ABSOLUTE
    ../clib/angel/sysapp.c                   0x00000000   Number         0  sys_wrch.o ABSOLUTE
    ../clib/armsys.c                         0x00000000   Number         0  argv_veneer.o ABSOLUTE
    ../clib/armsys.c                         0x00000000   Number         0  argv_veneer.o ABSOLUTE
    ../clib/armsys.c                         0x00000000   Number         0  no_argv.o ABSOLUTE
    ../clib/armsys.c                         0x00000000   Number         0  _get_argv_nomalloc.o ABSOLUTE
    ../clib/heapalloc.c                      0x00000000   Number         0  hrguard.o ABSOLUTE
    ../clib/heapaux.c                        0x00000000   Number         0  heapauxi.o ABSOLUTE
    ../clib/libinit.s                        0x00000000   Number         0  libinit2.o ABSOLUTE
    ../clib/libinit.s                        0x00000000   Number         0  libinit.o ABSOLUTE
    ../clib/libinit.s                        0x00000000   Number         0  libshutdown.o ABSOLUTE
    ../clib/libinit.s                        0x00000000   Number         0  libshutdown2.o ABSOLUTE
    ../clib/signal.c                         0x00000000   Number         0  defsig_abrt_inner.o ABSOLUTE
    ../clib/signal.c                         0x00000000   Number         0  defsig_other.o ABSOLUTE
    ../clib/signal.c                         0x00000000   Number         0  defsig_segv_inner.o ABSOLUTE
    ../clib/signal.c                         0x00000000   Number         0  defsig_cppl_inner.o ABSOLUTE
    ../clib/signal.c                         0x00000000   Number         0  defsig_pvfn_inner.o ABSOLUTE
    ../clib/signal.c                         0x00000000   Number         0  defsig_stak_inner.o ABSOLUTE
    ../clib/signal.c                         0x00000000   Number         0  defsig_rtred_inner.o ABSOLUTE
    ../clib/signal.c                         0x00000000   Number         0  defsig_fpe_inner.o ABSOLUTE
    ../clib/signal.c                         0x00000000   Number         0  defsig_general.o ABSOLUTE
    ../clib/signal.c                         0x00000000   Number         0  __raise.o ABSOLUTE
    ../clib/signal.c                         0x00000000   Number         0  defsig_rtmem_inner.o ABSOLUTE
    ../clib/signal.c                         0x00000000   Number         0  defsig_rtmem_formal.o ABSOLUTE
    ../clib/signal.c                         0x00000000   Number         0  defsig_rtmem_outer.o ABSOLUTE
    ../clib/signal.c                         0x00000000   Number         0  defsig_exit.o ABSOLUTE
    ../clib/signal.s                         0x00000000   Number         0  defsig.o ABSOLUTE
    ../clib/stdlib.c                         0x00000000   Number         0  exit.o ABSOLUTE
    ../fplib/fpinit.s                        0x00000000   Number         0  fpinit.o ABSOLUTE
    PLL.c                                    0x00000000   Number         0  pll.o ABSOLUTE
    SDCFile.c                                0x00000000   Number         0  sdcfile.o ABSOLUTE
    ST7735.c                                 0x00000000   Number         0  st7735.o ABSOLUTE
    ST7735.c                                 0x00000000   Number         0  st7735.o ABSOLUTE
    dc.s                                     0x00000000   Number         0  dc.o ABSOLUTE
    diskio.c                                 0x00000000   Number         0  diskio.o ABSOLUTE
    ff.c                                     0x00000000   Number         0  ff.o ABSOLUTE
    startup.s                                0x00000000   Number         0  startup.o ABSOLUTE
    !!!main                                  0x00000284   Section        8  __main.o(!!!main)
    !!!scatter                               0x0000028c   Section       52  __scatter.o(!!!scatter)
    !!handler_copy                           0x000002c0   Section       26  __scatter_copy.o(!!handler_copy)
    !!handler_zi                             0x000002dc   Section       28  __scatter_zi.o(!!handler_zi)
    .ARM.Collect$$libinit$$00000000          0x000002f8   Section        2  libinit.o(.ARM.Collect$$libinit$$00000000)
    .ARM.Collect$$libinit$$00000002          0x000002fa   Section        0  libinit2.o(.ARM.Collect$$libinit$$00000002)
    .ARM.Collect$$libinit$$00000008          0x000002fa   Section        0  libinit2.o(.ARM.Collect$$libinit$$00000008)
    .ARM.Collect$$libinit$$0000000A          0x000002fa   Section        0  libinit2.o(.ARM.Collect$$libinit$$0000000A)
    .ARM.Collect$$libinit$$0000000C          0x000002fa   Section        0  libinit2.o(.ARM.Collect$$libinit$$0000000C)
    .ARM.Collect$$libinit$$0000000F          0x000002fa   Section        0  libinit2.o(.ARM.Collect$$libinit$$0000000F)
    .ARM.Collect$$libinit$$00000011          0x000002fa   Section        0  libinit2.o(.ARM.Collect$$libinit$$00000011)
    .ARM.Collect$$libinit$$00000013          0x000002fa   Section        0  libinit2.o(.ARM.Collect$$libinit$$00000013)
    .ARM.Collect$$libinit$$00000015          0x000002fa   Section        0  libinit2.o(.ARM.Collect$$libinit$$00000015)
    .ARM.Collect$$libinit$$00000017          0x000002fa   Section        0  libinit2.o(.ARM.Collect$$libinit$$00000017)
    .ARM.Collect$$libinit$$00000019          0x000002fa   Section        0  libinit2.o(.ARM.Collect$$libinit$$00000019)
    .ARM.Collect$$libinit$$0000001B          0x000002fa   Section        0  libinit2.o(.ARM.Collect$$libinit$$0000001B)
    .ARM.Collect$$libinit$$0000001D          0x000002fa   Section        0  libinit2.o(.ARM.Collect$$libinit$$0000001D)
    .ARM.Collect$$libinit$$0000001F          0x000002fa   Section        0  libinit2.o(.ARM.Collect$$libinit$$0000001F)
    .ARM.Collect$$libinit$$00000021          0x000002fa   Section        0  libinit2.o(.ARM.Collect$$libinit$$00000021)
    .ARM.Collect$$libinit$$00000023          0x000002fa   Section        0  libinit2.o(.ARM.Collect$$libinit$$00000023)
    .ARM.Collect$$libinit$$0000002A          0x000002fa   Section        0  libinit2.o(.ARM.Collect$$libinit$$0000002A)
    .ARM.Collect$$libinit$$0000002C          0x000002fa   Section        0  libinit2.o(.ARM.Collect$$libinit$$0000002C)
    .ARM.Collect$$libinit$$0000002E          0x000002fa   Section        0  libinit2.o(.ARM.Collect$$libinit$$0000002E)
    .ARM.Collect$$libinit$$00000030          0x000002fa   Section        0  libinit2.o(.ARM.Collect$$libinit$$00000030)
    .ARM.Collect$$libinit$$00000031          0x000002fa   Section        2  libinit2.o(.ARM.Collect$$libinit$$00000031)
    .ARM.Collect$$libshutdown$$00000000      0x000002fc   Section        2  libshutdown.o(.ARM.Collect$$libshutdown$$00000000)
    .ARM.Collect$$libshutdown$$00000003      0x000002fe   Section        0  libshutdown2.o(.ARM.Collect$$libshutdown$$00000003)
    .ARM.Collect$$libshutdown$$00000006      0x000002fe   Section        0  libshutdown2.o(.ARM.Collect$$libshutdown$$00000006)
    .ARM.Collect$$libshutdown$$00000009      0x000002fe   Section        0  libshutdown2.o(.ARM.Collect$$libshutdown$$00000009)
    .ARM.Collect$$libshutdown$$0000000B      0x000002fe   Section        0  libshutdown2.o(.ARM.Collect$$libshutdown$$0000000B)
    .ARM.Collect$$libshutdown$$0000000E      0x000002fe   Section        0  libshutdown2.o(.ARM.Collect$$libshutdown$$0000000E)
    .ARM.Collect$$libshutdown$$0000000F      0x000002fe   Section        2  libshutdown2.o(.ARM.Collect$$libshutdown$$0000000F)
    .ARM.Collect$$rtentry$$00000000          0x00000300   Section        0  rtentry.o(.ARM.Collect$$rtentry$$00000000)
    .ARM.Collect$$rtentry$$00000002          0x00000300   Section        0  rtentry2.o(.ARM.Collect$$rtentry$$00000002)
    .ARM.Collect$$rtentry$$00000004          0x00000300   Section        6  rtentry4.o(.ARM.Collect$$rtentry$$00000004)
    .ARM.Collect$$rtentry$$00000009          0x00000306   Section        0  rtentry2.o(.ARM.Collect$$rtentry$$00000009)
    .ARM.Collect$$rtentry$$0000000A          0x00000306   Section        4  rtentry2.o(.ARM.Collect$$rtentry$$0000000A)
    .ARM.Collect$$rtentry$$0000000C          0x0000030a   Section        0  rtentry2.o(.ARM.Collect$$rtentry$$0000000C)
    .ARM.Collect$$rtentry$$0000000D          0x0000030a   Section        8  rtentry2.o(.ARM.Collect$$rtentry$$0000000D)
    .ARM.Collect$$rtexit$$00000000           0x00000312   Section        2  rtexit.o(.ARM.Collect$$rtexit$$00000000)
    .ARM.Collect$$rtexit$$00000002           0x00000314   Section        0  rtexit2.o(.ARM.Collect$$rtexit$$00000002)
    .ARM.Collect$$rtexit$$00000003           0x00000314   Section        4  rtexit2.o(.ARM.Collect$$rtexit$$00000003)
    .ARM.Collect$$rtexit$$00000004           0x00000318   Section        6  rtexit2.o(.ARM.Collect$$rtexit$$00000004)
    .emb_text                                0x00000320   Section        6  st7735.o(.emb_text)
    .text                                    0x00000328   Section       48  startup.o(.text)
    .text                                    0x00000358   Section        0  heapauxi.o(.text)
    .text                                    0x0000035e   Section       74  sys_stackheap_outer.o(.text)
    .text                                    0x000003a8   Section        0  exit.o(.text)
    .text                                    0x000003b4   Section        8  libspace.o(.text)
    .text                                    0x000003bc   Section        0  sys_exit.o(.text)
    .text                                    0x000003c8   Section        2  use_no_semi.o(.text)
    .text                                    0x000003ca   Section        0  indicate_semi.o(.text)
    i.CS_Init                                0x000003cc   Section        0  diskio.o(i.CS_Init)
    i.Delay1ms                               0x00000478   Section        0  st7735.o(i.Delay1ms)
    i.FileSystemTest                         0x00000490   Section        0  sdcfile.o(i.FileSystemTest)
    i.PLL_Init                               0x0000075c   Section        0  pll.o(i.PLL_Init)
    i.SDC_CS_Init                            0x000007d8   Section        0  st7735.o(i.SDC_CS_Init)
    i.SSI0_Init                              0x00000870   Section        0  diskio.o(i.SSI0_Init)
    i.ST7735_Color565                        0x000009b8   Section        0  st7735.o(i.ST7735_Color565)
    i.ST7735_DrawChar                        0x000009d0   Section        0  st7735.o(i.ST7735_DrawChar)
    i.ST7735_DrawCharS                       0x00000adc   Section        0  st7735.o(i.ST7735_DrawCharS)
    i.ST7735_DrawPixel                       0x00000bd0   Section        0  st7735.o(i.ST7735_DrawPixel)
    i.ST7735_DrawString                      0x00000c18   Section        0  st7735.o(i.ST7735_DrawString)
    i.ST7735_FillRect                        0x00000c70   Section        0  st7735.o(i.ST7735_FillRect)
    i.ST7735_FillScreen                      0x00000d1c   Section        0  st7735.o(i.ST7735_FillScreen)
    i.ST7735_InitR                           0x00000d40   Section        0  st7735.o(i.ST7735_InitR)
    i.ST7735_OutUDec                         0x00000dbc   Section        0  st7735.o(i.ST7735_OutUDec)
    i.ST7735_SetCursor                       0x00000e48   Section        0  st7735.o(i.ST7735_SetCursor)
    i.ST7735_SetTextColor                    0x00000e68   Section        0  st7735.o(i.ST7735_SetTextColor)
    i.Timer5A_Handler                        0x00000e74   Section        0  diskio.o(i.Timer5A_Handler)
    i.Timer5_Init                            0x00000e88   Section        0  diskio.o(i.Timer5_Init)
    i.check_fs                               0x00000ef4   Section        0  ff.o(i.check_fs)
    check_fs                                 0x00000ef5   Thumb Code   140  ff.o(i.check_fs)
    i.chk_chr                                0x00000f84   Section        0  ff.o(i.chk_chr)
    chk_chr                                  0x00000f85   Thumb Code    24  ff.o(i.chk_chr)
    i.clust2sect                             0x00000f9c   Section        0  ff.o(i.clust2sect)
    i.commandList                            0x00000fb6   Section        0  st7735.o(i.commandList)
    commandList                              0x00000fb7   Thumb Code    86  st7735.o(i.commandList)
    i.commonInit                             0x0000100c   Section        0  st7735.o(i.commonInit)
    commonInit                               0x0000100d   Thumb Code   382  st7735.o(i.commonInit)
    i.create_chain                           0x000011c0   Section        0  ff.o(i.create_chain)
    create_chain                             0x000011c1   Thumb Code   214  ff.o(i.create_chain)
    i.create_name                            0x00001298   Section        0  ff.o(i.create_name)
    create_name                              0x00001299   Thumb Code   418  ff.o(i.create_name)
    i.deselect                               0x0000144c   Section        0  diskio.o(i.deselect)
    deselect                                 0x0000144d   Thumb Code    18  diskio.o(i.deselect)
    i.dir_alloc                              0x00001464   Section        0  ff.o(i.dir_alloc)
    dir_alloc                                0x00001465   Thumb Code    92  ff.o(i.dir_alloc)
    i.dir_find                               0x000014c0   Section        0  ff.o(i.dir_find)
    dir_find                                 0x000014c1   Thumb Code    92  ff.o(i.dir_find)
    i.dir_next                               0x0000151c   Section        0  ff.o(i.dir_next)
    dir_next                                 0x0000151d   Thumb Code   270  ff.o(i.dir_next)
    i.dir_register                           0x0000162a   Section        0  ff.o(i.dir_register)
    dir_register                             0x0000162b   Thumb Code    58  ff.o(i.dir_register)
    i.dir_sdi                                0x00001664   Section        0  ff.o(i.dir_sdi)
    dir_sdi                                  0x00001665   Thumb Code   158  ff.o(i.dir_sdi)
    i.disk_initialize                        0x00001704   Section        0  diskio.o(i.disk_initialize)
    i.disk_ioctl                             0x00001860   Section        0  diskio.o(i.disk_ioctl)
    i.disk_read                              0x00001a88   Section        0  diskio.o(i.disk_read)
    i.disk_status                            0x00001b18   Section        0  diskio.o(i.disk_status)
    i.disk_timerproc                         0x00001b2c   Section        0  diskio.o(i.disk_timerproc)
    i.disk_write                             0x00001b6c   Section        0  diskio.o(i.disk_write)
    i.f_close                                0x00001c20   Section        0  ff.o(i.f_close)
    i.f_lseek                                0x00001c40   Section        0  ff.o(i.f_lseek)
    i.f_mount                                0x00001dc0   Section        0  ff.o(i.f_mount)
    i.f_open                                 0x00001e1c   Section        0  ff.o(i.f_open)
    i.f_read                                 0x00001f7c   Section        0  ff.o(i.f_read)
    i.f_sync                                 0x0000211c   Section        0  ff.o(i.f_sync)
    i.f_write                                0x000021cc   Section        0  ff.o(i.f_write)
    i.fillmessage                            0x000023a4   Section        0  st7735.o(i.fillmessage)
    i.find_volume                            0x000023ec   Section        0  ff.o(i.find_volume)
    find_volume                              0x000023ed   Thumb Code   890  ff.o(i.find_volume)
    i.follow_path                            0x00002778   Section        0  ff.o(i.follow_path)
    follow_path                              0x00002779   Thumb Code   176  ff.o(i.follow_path)
    i.get_fat                                0x00002828   Section        0  ff.o(i.get_fat)
    i.get_ldnumber                           0x0000291a   Section        0  ff.o(i.get_ldnumber)
    get_ldnumber                             0x0000291b   Thumb Code    74  ff.o(i.get_ldnumber)
    i.init_spi                               0x00002964   Section        0  diskio.o(i.init_spi)
    init_spi                                 0x00002965   Thumb Code    34  diskio.o(i.init_spi)
    i.ld_clust                               0x00002990   Section        0  ff.o(i.ld_clust)
    ld_clust                                 0x00002991   Thumb Code    32  ff.o(i.ld_clust)
    i.main                                   0x000029b0   Section        0  sdcfile.o(i.main)
    i.mem_cmp                                0x00002d00   Section        0  ff.o(i.mem_cmp)
    mem_cmp                                  0x00002d01   Thumb Code    38  ff.o(i.mem_cmp)
    i.mem_cpy                                0x00002d26   Section        0  ff.o(i.mem_cpy)
    mem_cpy                                  0x00002d27   Thumb Code    26  ff.o(i.mem_cpy)
    i.mem_set                                0x00002d40   Section        0  ff.o(i.mem_set)
    mem_set                                  0x00002d41   Thumb Code    20  ff.o(i.mem_set)
    i.move_window                            0x00002d54   Section        0  ff.o(i.move_window)
    move_window                              0x00002d55   Thumb Code    52  ff.o(i.move_window)
    i.pushColor                              0x00002d88   Section        0  st7735.o(i.pushColor)
    pushColor                                0x00002d89   Thumb Code    18  st7735.o(i.pushColor)
    i.put_fat                                0x00002d9a   Section        0  ff.o(i.put_fat)
    i.rcvr_datablock                         0x00002ee0   Section        0  diskio.o(i.rcvr_datablock)
    rcvr_datablock                           0x00002ee1   Thumb Code    66  diskio.o(i.rcvr_datablock)
    i.rcvr_spi                               0x00002f28   Section        0  diskio.o(i.rcvr_spi)
    rcvr_spi                                 0x00002f29   Thumb Code    40  diskio.o(i.rcvr_spi)
    i.rcvr_spi_multi                         0x00002f54   Section        0  diskio.o(i.rcvr_spi_multi)
    rcvr_spi_multi                           0x00002f55   Thumb Code    24  diskio.o(i.rcvr_spi_multi)
    i.remove_chain                           0x00002f6c   Section        0  ff.o(i.remove_chain)
    remove_chain                             0x00002f6d   Thumb Code   108  ff.o(i.remove_chain)
    i.select                                 0x00002fd8   Section        0  diskio.o(i.select)
    select                                   0x00002fd9   Thumb Code    46  diskio.o(i.select)
    i.send_cmd                               0x0000300c   Section        0  diskio.o(i.send_cmd)
    send_cmd                                 0x0000300d   Thumb Code   150  diskio.o(i.send_cmd)
    i.setAddrWindow                          0x000030a4   Section        0  st7735.o(i.setAddrWindow)
    setAddrWindow                            0x000030a5   Thumb Code   106  st7735.o(i.setAddrWindow)
    i.st_clust                               0x00003118   Section        0  ff.o(i.st_clust)
    st_clust                                 0x00003119   Thumb Code    16  ff.o(i.st_clust)
    i.sync_fs                                0x00003128   Section        0  ff.o(i.sync_fs)
    sync_fs                                  0x00003129   Thumb Code   200  ff.o(i.sync_fs)
    i.sync_window                            0x000031f0   Section        0  ff.o(i.sync_window)
    sync_window                              0x000031f1   Thumb Code    82  ff.o(i.sync_window)
    i.validate                               0x00003242   Section        0  ff.o(i.validate)
    validate                                 0x00003243   Thumb Code    54  ff.o(i.validate)
    i.wait_ready                             0x00003278   Section        0  diskio.o(i.wait_ready)
    wait_ready                               0x00003279   Thumb Code    42  diskio.o(i.wait_ready)
    i.writecommand                           0x000032a8   Section        0  st7735.o(i.writecommand)
    writecommand                             0x000032a9   Thumb Code    66  st7735.o(i.writecommand)
    i.writedata                              0x000032f8   Section        0  st7735.o(i.writedata)
    writedata                                0x000032f9   Thumb Code    68  st7735.o(i.writedata)
    i.xchg_spi                               0x00003348   Section        0  diskio.o(i.xchg_spi)
    xchg_spi                                 0x00003349   Thumb Code    48  diskio.o(i.xchg_spi)
    i.xmit_datablock                         0x0000337c   Section        0  diskio.o(i.xmit_datablock)
    xmit_datablock                           0x0000337d   Thumb Code    76  diskio.o(i.xmit_datablock)
    i.xmit_spi_multi                         0x000033c8   Section        0  diskio.o(i.xmit_spi_multi)
    xmit_spi_multi                           0x000033c9   Thumb Code    40  diskio.o(i.xmit_spi_multi)
    .constdata                               0x000033f4   Section       17  sdcfile.o(.constdata)
    .constdata                               0x00003406   Section     2114  st7735.o(.constdata)
    Font                                     0x00003406   Data        1275  st7735.o(.constdata)
    Bcmd                                     0x00003901   Data         103  st7735.o(.constdata)
    Rcmd1                                    0x00003968   Data          59  st7735.o(.constdata)
    Rcmd2green                               0x000039a3   Data          13  st7735.o(.constdata)
    Rcmd2red                                 0x000039b0   Data          13  st7735.o(.constdata)
    Rcmd3                                    0x000039bd   Data          43  st7735.o(.constdata)
    .data                                    0x20000000   Section       13  diskio.o(.data)
    Stat                                     0x20000000   Data           1  diskio.o(.data)
    Timer1                                   0x20000004   Data           4  diskio.o(.data)
    Timer2                                   0x20000008   Data           4  diskio.o(.data)
    CardType                                 0x2000000c   Data           1  diskio.o(.data)
    .data                                    0x20000010   Section        6  ff.o(.data)
    FatFs                                    0x20000010   Data           4  ff.o(.data)
    Fsid                                     0x20000014   Data           2  ff.o(.data)
    .data                                    0x20000016   Section        2  sdcfile.o(.data)
    .data                                    0x20000018   Section       44  st7735.o(.data)
    _width                                   0x20000022   Data           2  st7735.o(.data)
    _height                                  0x20000024   Data           2  st7735.o(.data)
    ColStart                                 0x2000002c   Data           1  st7735.o(.data)
    RowStart                                 0x2000002d   Data           1  st7735.o(.data)
    Rotation                                 0x2000002e   Data           1  st7735.o(.data)
    TabColor                                 0x2000002f   Data           1  st7735.o(.data)
    .bss                                     0x20000044   Section     2172  sdcfile.o(.bss)
    g_sFatFs                                 0x20000044   Data         564  sdcfile.o(.bss)
    .bss                                     0x200008c0   Section       12  st7735.o(.bss)
    .bss                                     0x200008cc   Section       96  libspace.o(.bss)
    HEAP                                     0x20000930   Section        0  startup.o(HEAP)
    STACK                                    0x20000930   Section     1024  startup.o(STACK)
    HeapMem                                  0x20000930   Data           0  startup.o(HEAP)
    StackMem                                 0x20000930   Data           0  startup.o(STACK)

    Global Symbols

    Symbol Name                              Value     Ov Type        Size  Object(Section)

    BuildAttributes$$THM_ISAv4$E$P$D$K$B$S$7EM$PE$A:L22UL41UL21$X:L11$S22US41US21$IEEE1$IW$USESV6$~STKCKD$USESV7$~SHL$OSPACE$ROPI$EBA8$UX$STANDARDLIB$REQ8$PRES8$EABIv2 0x00000000   Number         0  anon$$obj.o ABSOLUTE
    __ARM_use_no_argv                        0x00000000   Number         0  sdcfile.o ABSOLUTE
    __Vectors                                0x00000000   Data           0  startup.o(RESET)
    __ARM_exceptions_init                     - Undefined Weak Reference
    __alloca_initialize                       - Undefined Weak Reference
    __cpp_initialize__aeabi_                  - Undefined Weak Reference
    __cxa_finalize                            - Undefined Weak Reference
    __rt_locale                               - Undefined Weak Reference
    __sigvec_lookup                           - Undefined Weak Reference
    _atexit_init                              - Undefined Weak Reference
    _call_atexit_fns                          - Undefined Weak Reference
    _clock_init                               - Undefined Weak Reference
    _fp_trap_init                             - Undefined Weak Reference
    _fp_trap_shutdown                         - Undefined Weak Reference
    _get_lc_collate                           - Undefined Weak Reference
    _get_lc_ctype                             - Undefined Weak Reference
    _get_lc_monetary                          - Undefined Weak Reference
    _get_lc_numeric                           - Undefined Weak Reference
    _get_lc_time                              - Undefined Weak Reference
    _getenv_init                              - Undefined Weak Reference
    _handle_redirection                       - Undefined Weak Reference
    _init_alloc                               - Undefined Weak Reference
    _init_user_alloc                          - Undefined Weak Reference
    _initio                                   - Undefined Weak Reference
    _rand_init                                - Undefined Weak Reference
    _signal_finish                            - Undefined Weak Reference
    _signal_init                              - Undefined Weak Reference
    _terminate_alloc                          - Undefined Weak Reference
    _terminate_user_alloc                     - Undefined Weak Reference
    _terminateio                              - Undefined Weak Reference
    Reset_Handler                            0x0000026d   Thumb Code     0  startup.o(RESET)
    NMI_Handler                              0x00000271   Thumb Code     2  startup.o(RESET)
    HardFault_Handler                        0x00000273   Thumb Code     2  startup.o(RESET)
    MemManage_Handler                        0x00000275   Thumb Code     2  startup.o(RESET)
    BusFault_Handler                         0x00000277   Thumb Code     2  startup.o(RESET)
    UsageFault_Handler                       0x00000279   Thumb Code     2  startup.o(RESET)
    SVC_Handler                              0x0000027b   Thumb Code     2  startup.o(RESET)
    DebugMon_Handler                         0x0000027d   Thumb Code     2  startup.o(RESET)
    PendSV_Handler                           0x0000027f   Thumb Code     2  startup.o(RESET)
    SysTick_Handler                          0x00000281   Thumb Code     2  startup.o(RESET)
    ADC0Seq0_Handler                         0x00000283   Thumb Code     0  startup.o(RESET)
    ADC0Seq1_Handler                         0x00000283   Thumb Code     0  startup.o(RESET)
    ADC0Seq2_Handler                         0x00000283   Thumb Code     0  startup.o(RESET)
    ADC0Seq3_Handler                         0x00000283   Thumb Code     0  startup.o(RESET)
    ADC1Seq0_Handler                         0x00000283   Thumb Code     0  startup.o(RESET)
    ADC1Seq1_Handler                         0x00000283   Thumb Code     0  startup.o(RESET)
    ADC1Seq2_Handler                         0x00000283   Thumb Code     0  startup.o(RESET)
    ADC1Seq3_Handler                         0x00000283   Thumb Code     0  startup.o(RESET)
    CAN0_Handler                             0x00000283   Thumb Code     0  startup.o(RESET)
    CAN1_Handler                             0x00000283   Thumb Code     0  startup.o(RESET)
    CAN2_Handler                             0x00000283   Thumb Code     0  startup.o(RESET)
    Comp0_Handler                            0x00000283   Thumb Code     0  startup.o(RESET)
    Comp1_Handler                            0x00000283   Thumb Code     0  startup.o(RESET)
    Comp2_Handler                            0x00000283   Thumb Code     0  startup.o(RESET)
    Ethernet_Handler                         0x00000283   Thumb Code     0  startup.o(RESET)
    ExtBus_Handler                           0x00000283   Thumb Code     0  startup.o(RESET)
    FPU_Handler                              0x00000283   Thumb Code     0  startup.o(RESET)
    Fan0_Handler                             0x00000283   Thumb Code     0  startup.o(RESET)
    FlashCtl_Handler                         0x00000283   Thumb Code     0  startup.o(RESET)
    GPIOPortA_Handler                        0x00000283   Thumb Code     0  startup.o(RESET)
    GPIOPortB_Handler                        0x00000283   Thumb Code     0  startup.o(RESET)
    GPIOPortC_Handler                        0x00000283   Thumb Code     0  startup.o(RESET)
    GPIOPortD_Handler                        0x00000283   Thumb Code     0  startup.o(RESET)
    GPIOPortE_Handler                        0x00000283   Thumb Code     0  startup.o(RESET)
    GPIOPortF_Handler                        0x00000283   Thumb Code     0  startup.o(RESET)
    GPIOPortG_Handler                        0x00000283   Thumb Code     0  startup.o(RESET)
    GPIOPortH_Handler                        0x00000283   Thumb Code     0  startup.o(RESET)
    GPIOPortJ_Handler                        0x00000283   Thumb Code     0  startup.o(RESET)
    GPIOPortK_Handler                        0x00000283   Thumb Code     0  startup.o(RESET)
    GPIOPortL_Handler                        0x00000283   Thumb Code     0  startup.o(RESET)
    GPIOPortM_Handler                        0x00000283   Thumb Code     0  startup.o(RESET)
    GPIOPortN_Handler                        0x00000283   Thumb Code     0  startup.o(RESET)
    GPIOPortP1_Handler                       0x00000283   Thumb Code     0  startup.o(RESET)
    GPIOPortP2_Handler                       0x00000283   Thumb Code     0  startup.o(RESET)
    GPIOPortP3_Handler                       0x00000283   Thumb Code     0  startup.o(RESET)
    GPIOPortP4_Handler                       0x00000283   Thumb Code     0  startup.o(RESET)
    GPIOPortP5_Handler                       0x00000283   Thumb Code     0  startup.o(RESET)
    GPIOPortP6_Handler                       0x00000283   Thumb Code     0  startup.o(RESET)
    GPIOPortP7_Handler                       0x00000283   Thumb Code     0  startup.o(RESET)
    GPIOPortP_Handler                        0x00000283   Thumb Code     0  startup.o(RESET)
    GPIOPortQ1_Handler                       0x00000283   Thumb Code     0  startup.o(RESET)
    GPIOPortQ2_Handler                       0x00000283   Thumb Code     0  startup.o(RESET)
    GPIOPortQ3_Handler                       0x00000283   Thumb Code     0  startup.o(RESET)
    GPIOPortQ4_Handler                       0x00000283   Thumb Code     0  startup.o(RESET)
    GPIOPortQ5_Handler                       0x00000283   Thumb Code     0  startup.o(RESET)
    GPIOPortQ6_Handler                       0x00000283   Thumb Code     0  startup.o(RESET)
    GPIOPortQ7_Handler                       0x00000283   Thumb Code     0  startup.o(RESET)
    GPIOPortQ_Handler                        0x00000283   Thumb Code     0  startup.o(RESET)
    GPIOPortR_Handler                        0x00000283   Thumb Code     0  startup.o(RESET)
    GPIOPortS_Handler                        0x00000283   Thumb Code     0  startup.o(RESET)
    Hibernate_Handler                        0x00000283   Thumb Code     0  startup.o(RESET)
    I2C0_Handler                             0x00000283   Thumb Code     0  startup.o(RESET)
    I2C1_Handler                             0x00000283   Thumb Code     0  startup.o(RESET)
    I2C2_Handler                             0x00000283   Thumb Code     0  startup.o(RESET)
    I2C3_Handler                             0x00000283   Thumb Code     0  startup.o(RESET)
    I2C4_Handler                             0x00000283   Thumb Code     0  startup.o(RESET)
    I2C5_Handler                             0x00000283   Thumb Code     0  startup.o(RESET)
    I2S0_Handler                             0x00000283   Thumb Code     0  startup.o(RESET)
    LPC0_Handler                             0x00000283   Thumb Code     0  startup.o(RESET)
    PECI0_Handler                            0x00000283   Thumb Code     0  startup.o(RESET)
    PWM0Fault_Handler                        0x00000283   Thumb Code     0  startup.o(RESET)
    PWM0Generator0_Handler                   0x00000283   Thumb Code     0  startup.o(RESET)
    PWM0Generator1_Handler                   0x00000283   Thumb Code     0  startup.o(RESET)
    PWM0Generator2_Handler                   0x00000283   Thumb Code     0  startup.o(RESET)
    PWM0Generator3_Handler                   0x00000283   Thumb Code     0  startup.o(RESET)
    PWM1Fault_Handler                        0x00000283   Thumb Code     0  startup.o(RESET)
    PWM1Generator0_Handler                   0x00000283   Thumb Code     0  startup.o(RESET)
    PWM1Generator1_Handler                   0x00000283   Thumb Code     0  startup.o(RESET)
    PWM1Generator2_Handler                   0x00000283   Thumb Code     0  startup.o(RESET)
    PWM1Generator3_Handler                   0x00000283   Thumb Code     0  startup.o(RESET)
    Quadrature0_Handler                      0x00000283   Thumb Code     0  startup.o(RESET)
    Quadrature1_Handler                      0x00000283   Thumb Code     0  startup.o(RESET)
    Quadrature2_Handler                      0x00000283   Thumb Code     0  startup.o(RESET)
    SSI0_Handler                             0x00000283   Thumb Code     0  startup.o(RESET)
    SSI1_Handler                             0x00000283   Thumb Code     0  startup.o(RESET)
    SSI2_Handler                             0x00000283   Thumb Code     0  startup.o(RESET)
    SSI3_Handler                             0x00000283   Thumb Code     0  startup.o(RESET)
    SysCtl_Handler                           0x00000283   Thumb Code     0  startup.o(RESET)
    Timer0A_Handler                          0x00000283   Thumb Code     0  startup.o(RESET)
    Timer0B_Handler                          0x00000283   Thumb Code     0  startup.o(RESET)
    Timer1A_Handler                          0x00000283   Thumb Code     0  startup.o(RESET)
    Timer1B_Handler                          0x00000283   Thumb Code     0  startup.o(RESET)
    Timer2A_Handler                          0x00000283   Thumb Code     0  startup.o(RESET)
    Timer2B_Handler                          0x00000283   Thumb Code     0  startup.o(RESET)
    Timer3A_Handler                          0x00000283   Thumb Code     0  startup.o(RESET)
    Timer3B_Handler                          0x00000283   Thumb Code     0  startup.o(RESET)
    Timer4A_Handler                          0x00000283   Thumb Code     0  startup.o(RESET)
    Timer4B_Handler                          0x00000283   Thumb Code     0  startup.o(RESET)
    Timer5B_Handler                          0x00000283   Thumb Code     0  startup.o(RESET)
    UART0_Handler                            0x00000283   Thumb Code     0  startup.o(RESET)
    UART1_Handler                            0x00000283   Thumb Code     0  startup.o(RESET)
    UART2_Handler                            0x00000283   Thumb Code     0  startup.o(RESET)
    UART3_Handler                            0x00000283   Thumb Code     0  startup.o(RESET)
    UART4_Handler                            0x00000283   Thumb Code     0  startup.o(RESET)
    UART5_Handler                            0x00000283   Thumb Code     0  startup.o(RESET)
    UART6_Handler                            0x00000283   Thumb Code     0  startup.o(RESET)
    UART7_Handler                            0x00000283   Thumb Code     0  startup.o(RESET)
    USB0_Handler                             0x00000283   Thumb Code     0  startup.o(RESET)
    WDT_Handler                              0x00000283   Thumb Code     0  startup.o(RESET)
    WideTimer0A_Handler                      0x00000283   Thumb Code     0  startup.o(RESET)
    WideTimer0B_Handler                      0x00000283   Thumb Code     0  startup.o(RESET)
    WideTimer1A_Handler                      0x00000283   Thumb Code     0  startup.o(RESET)
    WideTimer1B_Handler                      0x00000283   Thumb Code     0  startup.o(RESET)
    WideTimer2A_Handler                      0x00000283   Thumb Code     0  startup.o(RESET)
    WideTimer2B_Handler                      0x00000283   Thumb Code     0  startup.o(RESET)
    WideTimer3A_Handler                      0x00000283   Thumb Code     0  startup.o(RESET)
    WideTimer3B_Handler                      0x00000283   Thumb Code     0  startup.o(RESET)
    WideTimer4A_Handler                      0x00000283   Thumb Code     0  startup.o(RESET)
    WideTimer4B_Handler                      0x00000283   Thumb Code     0  startup.o(RESET)
    WideTimer5A_Handler                      0x00000283   Thumb Code     0  startup.o(RESET)
    WideTimer5B_Handler                      0x00000283   Thumb Code     0  startup.o(RESET)
    uDMA_Error                               0x00000283   Thumb Code     0  startup.o(RESET)
    uDMA_Handler                             0x00000283   Thumb Code     0  startup.o(RESET)
    __main                                   0x00000285   Thumb Code     8  __main.o(!!!main)
    __scatterload                            0x0000028d   Thumb Code     0  __scatter.o(!!!scatter)
    __scatterload_rt2                        0x0000028d   Thumb Code    44  __scatter.o(!!!scatter)
    __scatterload_rt2_thumb_only             0x0000028d   Thumb Code     0  __scatter.o(!!!scatter)
    __scatterload_null                       0x0000029b   Thumb Code     0  __scatter.o(!!!scatter)
    __scatterload_copy                       0x000002c1   Thumb Code    26  __scatter_copy.o(!!handler_copy)
    __scatterload_zeroinit                   0x000002dd   Thumb Code    28  __scatter_zi.o(!!handler_zi)
    __rt_lib_init                            0x000002f9   Thumb Code     0  libinit.o(.ARM.Collect$$libinit$$00000000)
    __rt_lib_init_alloca_1                   0x000002fb   Thumb Code     0  libinit2.o(.ARM.Collect$$libinit$$0000002C)
    __rt_lib_init_argv_1                     0x000002fb   Thumb Code     0  libinit2.o(.ARM.Collect$$libinit$$0000002A)
    __rt_lib_init_atexit_1                   0x000002fb   Thumb Code     0  libinit2.o(.ARM.Collect$$libinit$$00000019)
    __rt_lib_init_clock_1                    0x000002fb   Thumb Code     0  libinit2.o(.ARM.Collect$$libinit$$0000001F)
    __rt_lib_init_cpp_1                      0x000002fb   Thumb Code     0  libinit2.o(.ARM.Collect$$libinit$$00000030)
    __rt_lib_init_exceptions_1               0x000002fb   Thumb Code     0  libinit2.o(.ARM.Collect$$libinit$$0000002E)
    __rt_lib_init_fp_1                       0x000002fb   Thumb Code     0  libinit2.o(.ARM.Collect$$libinit$$00000002)
    __rt_lib_init_fp_trap_1                  0x000002fb   Thumb Code     0  libinit2.o(.ARM.Collect$$libinit$$0000001D)
    __rt_lib_init_getenv_1                   0x000002fb   Thumb Code     0  libinit2.o(.ARM.Collect$$libinit$$00000021)
    __rt_lib_init_heap_1                     0x000002fb   Thumb Code     0  libinit2.o(.ARM.Collect$$libinit$$00000008)
    __rt_lib_init_lc_collate_1               0x000002fb   Thumb Code     0  libinit2.o(.ARM.Collect$$libinit$$0000000F)
    __rt_lib_init_lc_ctype_1                 0x000002fb   Thumb Code     0  libinit2.o(.ARM.Collect$$libinit$$00000011)
    __rt_lib_init_lc_monetary_1              0x000002fb   Thumb Code     0  libinit2.o(.ARM.Collect$$libinit$$00000013)
    __rt_lib_init_lc_numeric_1               0x000002fb   Thumb Code     0  libinit2.o(.ARM.Collect$$libinit$$00000015)
    __rt_lib_init_lc_time_1                  0x000002fb   Thumb Code     0  libinit2.o(.ARM.Collect$$libinit$$00000017)
    __rt_lib_init_rand_1                     0x000002fb   Thumb Code     0  libinit2.o(.ARM.Collect$$libinit$$0000000C)
    __rt_lib_init_return                     0x000002fb   Thumb Code     0  libinit2.o(.ARM.Collect$$libinit$$00000031)
    __rt_lib_init_signal_1                   0x000002fb   Thumb Code     0  libinit2.o(.ARM.Collect$$libinit$$0000001B)
    __rt_lib_init_stdio_1                    0x000002fb   Thumb Code     0  libinit2.o(.ARM.Collect$$libinit$$00000023)
    __rt_lib_init_user_alloc_1               0x000002fb   Thumb Code     0  libinit2.o(.ARM.Collect$$libinit$$0000000A)
    __rt_lib_shutdown                        0x000002fd   Thumb Code     0  libshutdown.o(.ARM.Collect$$libshutdown$$00000000)
    __rt_lib_shutdown_fp_trap_1              0x000002ff   Thumb Code     0  libshutdown2.o(.ARM.Collect$$libshutdown$$00000006)
    __rt_lib_shutdown_heap_1                 0x000002ff   Thumb Code     0  libshutdown2.o(.ARM.Collect$$libshutdown$$0000000E)
    __rt_lib_shutdown_return                 0x000002ff   Thumb Code     0  libshutdown2.o(.ARM.Collect$$libshutdown$$0000000F)
    __rt_lib_shutdown_signal_1               0x000002ff   Thumb Code     0  libshutdown2.o(.ARM.Collect$$libshutdown$$00000009)
    __rt_lib_shutdown_stdio_1                0x000002ff   Thumb Code     0  libshutdown2.o(.ARM.Collect$$libshutdown$$00000003)
    __rt_lib_shutdown_user_alloc_1           0x000002ff   Thumb Code     0  libshutdown2.o(.ARM.Collect$$libshutdown$$0000000B)
    __rt_entry                               0x00000301   Thumb Code     0  rtentry.o(.ARM.Collect$$rtentry$$00000000)
    __rt_entry_presh_1                       0x00000301   Thumb Code     0  rtentry2.o(.ARM.Collect$$rtentry$$00000002)
    __rt_entry_sh                            0x00000301   Thumb Code     0  rtentry4.o(.ARM.Collect$$rtentry$$00000004)
    __rt_entry_li                            0x00000307   Thumb Code     0  rtentry2.o(.ARM.Collect$$rtentry$$0000000A)
    __rt_entry_postsh_1                      0x00000307   Thumb Code     0  rtentry2.o(.ARM.Collect$$rtentry$$00000009)
    __rt_entry_main                          0x0000030b   Thumb Code     0  rtentry2.o(.ARM.Collect$$rtentry$$0000000D)
    __rt_entry_postli_1                      0x0000030b   Thumb Code     0  rtentry2.o(.ARM.Collect$$rtentry$$0000000C)
    __rt_exit                                0x00000313   Thumb Code     0  rtexit.o(.ARM.Collect$$rtexit$$00000000)
    __rt_exit_ls                             0x00000315   Thumb Code     0  rtexit2.o(.ARM.Collect$$rtexit$$00000003)
    __rt_exit_prels_1                        0x00000315   Thumb Code     0  rtexit2.o(.ARM.Collect$$rtexit$$00000002)
    __rt_exit_exit                           0x00000319   Thumb Code     0  rtexit2.o(.ARM.Collect$$rtexit$$00000004)
    Delay                                    0x00000321   Thumb Code     6  st7735.o(.emb_text)
    DisableInterrupts                        0x00000329   Thumb Code     0  startup.o(.text)
    EnableInterrupts                         0x0000032d   Thumb Code     0  startup.o(.text)
    StartCritical                            0x00000331   Thumb Code     0  startup.o(.text)
    EndCritical                              0x00000339   Thumb Code     0  startup.o(.text)
    WaitForInterrupt                         0x0000033f   Thumb Code     0  startup.o(.text)
    __user_initial_stackheap                 0x00000343   Thumb Code     0  startup.o(.text)
    __use_two_region_memory                  0x00000359   Thumb Code     2  heapauxi.o(.text)
    __rt_heap_escrow$2region                 0x0000035b   Thumb Code     2  heapauxi.o(.text)
    __rt_heap_expand$2region                 0x0000035d   Thumb Code     2  heapauxi.o(.text)
    __user_setup_stackheap                   0x0000035f   Thumb Code    74  sys_stackheap_outer.o(.text)
    exit                                     0x000003a9   Thumb Code    12  exit.o(.text)
    __user_libspace                          0x000003b5   Thumb Code     8  libspace.o(.text)
    __user_perproc_libspace                  0x000003b5   Thumb Code     0  libspace.o(.text)
    __user_perthread_libspace                0x000003b5   Thumb Code     0  libspace.o(.text)
    _sys_exit                                0x000003bd   Thumb Code     8  sys_exit.o(.text)
    __I$use$semihosting                      0x000003c9   Thumb Code     0  use_no_semi.o(.text)
    __use_no_semihosting_swi                 0x000003c9   Thumb Code     2  use_no_semi.o(.text)
    __semihosting_library_function           0x000003cb   Thumb Code     0  indicate_semi.o(.text)
    CS_Init                                  0x000003cd   Thumb Code   148  diskio.o(i.CS_Init)
    Delay1ms                                 0x00000479   Thumb Code    22  st7735.o(i.Delay1ms)
    FileSystemTest                           0x00000491   Thumb Code   552  sdcfile.o(i.FileSystemTest)
    PLL_Init                                 0x0000075d   Thumb Code   118  pll.o(i.PLL_Init)
    SDC_CS_Init                              0x000007d9   Thumb Code   132  st7735.o(i.SDC_CS_Init)
    SSI0_Init                                0x00000871   Thumb Code   296  diskio.o(i.SSI0_Init)
    ST7735_Color565                          0x000009b9   Thumb Code    24  st7735.o(i.ST7735_Color565)
    ST7735_DrawChar                          0x000009d1   Thumb Code   256  st7735.o(i.ST7735_DrawChar)
    ST7735_DrawCharS                         0x00000add   Thumb Code   232  st7735.o(i.ST7735_DrawCharS)
    ST7735_DrawPixel                         0x00000bd1   Thumb Code    64  st7735.o(i.ST7735_DrawPixel)
    ST7735_DrawString                        0x00000c19   Thumb Code    86  st7735.o(i.ST7735_DrawString)
    ST7735_FillRect                          0x00000c71   Thumb Code   164  st7735.o(i.ST7735_FillRect)
    ST7735_FillScreen                        0x00000d1d   Thumb Code    28  st7735.o(i.ST7735_FillScreen)
    ST7735_InitR                             0x00000d41   Thumb Code    90  st7735.o(i.ST7735_InitR)
    ST7735_OutUDec                           0x00000dbd   Thumb Code   118  st7735.o(i.ST7735_OutUDec)
    ST7735_SetCursor                         0x00000e49   Thumb Code    22  st7735.o(i.ST7735_SetCursor)
    ST7735_SetTextColor                      0x00000e69   Thumb Code     6  st7735.o(i.ST7735_SetTextColor)
    Timer5A_Handler                          0x00000e75   Thumb Code    14  diskio.o(i.Timer5A_Handler)
    Timer5_Init                              0x00000e89   Thumb Code    84  diskio.o(i.Timer5_Init)
    clust2sect                               0x00000f9d   Thumb Code    26  ff.o(i.clust2sect)
    disk_initialize                          0x00001705   Thumb Code   330  diskio.o(i.disk_initialize)
    disk_ioctl                               0x00001861   Thumb Code   544  diskio.o(i.disk_ioctl)
    disk_read                                0x00001a89   Thumb Code   136  diskio.o(i.disk_read)
    disk_status                              0x00001b19   Thumb Code    14  diskio.o(i.disk_status)
    disk_timerproc                           0x00001b2d   Thumb Code    52  diskio.o(i.disk_timerproc)
    disk_write                               0x00001b6d   Thumb Code   170  diskio.o(i.disk_write)
    f_close                                  0x00001c21   Thumb Code    32  ff.o(i.f_close)
    f_lseek                                  0x00001c41   Thumb Code   382  ff.o(i.f_lseek)
    f_mount                                  0x00001dc1   Thumb Code    86  ff.o(i.f_mount)
    f_open                                   0x00001e1d   Thumb Code   348  ff.o(i.f_open)
    f_read                                   0x00001f7d   Thumb Code   414  ff.o(i.f_read)
    f_sync                                   0x0000211d   Thumb Code   170  ff.o(i.f_sync)
    f_write                                  0x000021cd   Thumb Code   470  ff.o(i.f_write)
    fillmessage                              0x000023a5   Thumb Code    64  st7735.o(i.fillmessage)
    get_fat                                  0x00002829   Thumb Code   242  ff.o(i.get_fat)
    main                                     0x000029b1   Thumb Code   708  sdcfile.o(i.main)
    put_fat                                  0x00002d9b   Thumb Code   326  ff.o(i.put_fat)
    inFilename                               0x000033f4   Data           9  sdcfile.o(.constdata)
    outFilename                              0x000033fd   Data           8  sdcfile.o(.constdata)
    smallCircle                              0x000039e8   Data          36  st7735.o(.constdata)
    circle                                   0x00003a0c   Data          60  st7735.o(.constdata)
    dBfs                                     0x00003a48   Data         512  st7735.o(.constdata)
    Region$$Table$$Base                      0x00003c48   Number         0  anon$$obj.o(Region$$Table)
    Region$$Table$$Limit                     0x00003c68   Number         0  anon$$obj.o(Region$$Table)
    MountFresult                             0x20000016   Data           1  sdcfile.o(.data)
    Fresult                                  0x20000017   Data           1  sdcfile.o(.data)
    StX                                      0x20000018   Data           4  st7735.o(.data)
    StY                                      0x2000001c   Data           4  st7735.o(.data)
    StTextColor                              0x20000020   Data           2  st7735.o(.data)
    lastj                                    0x20000028   Data           4  st7735.o(.data)
    Messageindex                             0x20000030   Data           4  st7735.o(.data)
    Ymax                                     0x20000034   Data           4  st7735.o(.data)
    Ymin                                     0x20000038   Data           4  st7735.o(.data)
    X                                        0x2000003c   Data           4  st7735.o(.data)
    Yrange                                   0x20000040   Data           4  st7735.o(.data)
    Handle                                   0x20000278   Data         548  sdcfile.o(.bss)
    Handle2                                  0x2000049c   Data         548  sdcfile.o(.bss)
    buffer                                   0x200006c0   Data         512  sdcfile.o(.bss)
    Message                                  0x200008c0   Data          12  st7735.o(.bss)
    __libspace_start                         0x200008cc   Data          96  libspace.o(.bss)
    __temporary_stack_top$libspace           0x2000092c   Data           0  libspace.o(.bss)



==============================================================================

Memory Map of the image

  Image Entry point : 0x0000026d

  Load Region LR_1 (Base: 0x00000000, Size: 0x00003cac, Max: 0xffffffff, ABSOLUTE)

    Execution Region ER_RO (Base: 0x00000000, Size: 0x00003c68, Max: 0xffffffff, ABSOLUTE)

    Base Addr    Size         Type   Attr      Idx    E Section Name        Object

    0x00000000   0x00000284   Code   RO            3  * RESET               startup.o
    0x00000284   0x00000008   Code   RO          796  * !!!main             c_w.l(__main.o)
    0x0000028c   0x00000034   Code   RO          950    !!!scatter          c_w.l(__scatter.o)
    0x000002c0   0x0000001a   Code   RO          952    !!handler_copy      c_w.l(__scatter_copy.o)
    0x000002da   0x00000002   PAD
    0x000002dc   0x0000001c   Code   RO          954    !!handler_zi        c_w.l(__scatter_zi.o)
    0x000002f8   0x00000002   Code   RO          823    .ARM.Collect$$libinit$$00000000  c_w.l(libinit.o)
    0x000002fa   0x00000000   Code   RO          830    .ARM.Collect$$libinit$$00000002  c_w.l(libinit2.o)
    0x000002fa   0x00000000   Code   RO          833    .ARM.Collect$$libinit$$00000008  c_w.l(libinit2.o)
    0x000002fa   0x00000000   Code   RO          835    .ARM.Collect$$libinit$$0000000A  c_w.l(libinit2.o)
    0x000002fa   0x00000000   Code   RO          837    .ARM.Collect$$libinit$$0000000C  c_w.l(libinit2.o)
    0x000002fa   0x00000000   Code   RO          840    .ARM.Collect$$libinit$$0000000F  c_w.l(libinit2.o)
    0x000002fa   0x00000000   Code   RO          842    .ARM.Collect$$libinit$$00000011  c_w.l(libinit2.o)
    0x000002fa   0x00000000   Code   RO          844    .ARM.Collect$$libinit$$00000013  c_w.l(libinit2.o)
    0x000002fa   0x00000000   Code   RO          846    .ARM.Collect$$libinit$$00000015  c_w.l(libinit2.o)
    0x000002fa   0x00000000   Code   RO          848    .ARM.Collect$$libinit$$00000017  c_w.l(libinit2.o)
    0x000002fa   0x00000000   Code   RO          850    .ARM.Collect$$libinit$$00000019  c_w.l(libinit2.o)
    0x000002fa   0x00000000   Code   RO          852    .ARM.Collect$$libinit$$0000001B  c_w.l(libinit2.o)
    0x000002fa   0x00000000   Code   RO          854    .ARM.Collect$$libinit$$0000001D  c_w.l(libinit2.o)
    0x000002fa   0x00000000   Code   RO          856    .ARM.Collect$$libinit$$0000001F  c_w.l(libinit2.o)
    0x000002fa   0x00000000   Code   RO          858    .ARM.Collect$$libinit$$00000021  c_w.l(libinit2.o)
    0x000002fa   0x00000000   Code   RO          860    .ARM.Collect$$libinit$$00000023  c_w.l(libinit2.o)
    0x000002fa   0x00000000   Code   RO          864    .ARM.Collect$$libinit$$0000002A  c_w.l(libinit2.o)
    0x000002fa   0x00000000   Code   RO          866    .ARM.Collect$$libinit$$0000002C  c_w.l(libinit2.o)
    0x000002fa   0x00000000   Code   RO          868    .ARM.Collect$$libinit$$0000002E  c_w.l(libinit2.o)
    0x000002fa   0x00000000   Code   RO          870    .ARM.Collect$$libinit$$00000030  c_w.l(libinit2.o)
    0x000002fa   0x00000002   Code   RO          871    .ARM.Collect$$libinit$$00000031  c_w.l(libinit2.o)
    0x000002fc   0x00000002   Code   RO          891    .ARM.Collect$$libshutdown$$00000000  c_w.l(libshutdown.o)
    0x000002fe   0x00000000   Code   RO          905    .ARM.Collect$$libshutdown$$00000003  c_w.l(libshutdown2.o)
    0x000002fe   0x00000000   Code   RO          908    .ARM.Collect$$libshutdown$$00000006  c_w.l(libshutdown2.o)
    0x000002fe   0x00000000   Code   RO          911    .ARM.Collect$$libshutdown$$00000009  c_w.l(libshutdown2.o)
    0x000002fe   0x00000000   Code   RO          913    .ARM.Collect$$libshutdown$$0000000B  c_w.l(libshutdown2.o)
    0x000002fe   0x00000000   Code   RO          916    .ARM.Collect$$libshutdown$$0000000E  c_w.l(libshutdown2.o)
    0x000002fe   0x00000002   Code   RO          917    .ARM.Collect$$libshutdown$$0000000F  c_w.l(libshutdown2.o)
    0x00000300   0x00000000   Code   RO          798    .ARM.Collect$$rtentry$$00000000  c_w.l(rtentry.o)
    0x00000300   0x00000000   Code   RO          800    .ARM.Collect$$rtentry$$00000002  c_w.l(rtentry2.o)
    0x00000300   0x00000006   Code   RO          812    .ARM.Collect$$rtentry$$00000004  c_w.l(rtentry4.o)
    0x00000306   0x00000000   Code   RO          802    .ARM.Collect$$rtentry$$00000009  c_w.l(rtentry2.o)
    0x00000306   0x00000004   Code   RO          803    .ARM.Collect$$rtentry$$0000000A  c_w.l(rtentry2.o)
    0x0000030a   0x00000000   Code   RO          805    .ARM.Collect$$rtentry$$0000000C  c_w.l(rtentry2.o)
    0x0000030a   0x00000008   Code   RO          806    .ARM.Collect$$rtentry$$0000000D  c_w.l(rtentry2.o)
    0x00000312   0x00000002   Code   RO          827    .ARM.Collect$$rtexit$$00000000  c_w.l(rtexit.o)
    0x00000314   0x00000000   Code   RO          873    .ARM.Collect$$rtexit$$00000002  c_w.l(rtexit2.o)
    0x00000314   0x00000004   Code   RO          874    .ARM.Collect$$rtexit$$00000003  c_w.l(rtexit2.o)
    0x00000318   0x00000006   Code   RO          875    .ARM.Collect$$rtexit$$00000004  c_w.l(rtexit2.o)
    0x0000031e   0x00000002   PAD
    0x00000320   0x00000006   Code   RO          497    .emb_text           st7735.o
    0x00000326   0x00000002   PAD
    0x00000328   0x00000030   Code   RO            4    .text               startup.o
    0x00000358   0x00000006   Code   RO          794    .text               c_w.l(heapauxi.o)
    0x0000035e   0x0000004a   Code   RO          814    .text               c_w.l(sys_stackheap_outer.o)
    0x000003a8   0x0000000c   Code   RO          816    .text               c_w.l(exit.o)
    0x000003b4   0x00000008   Code   RO          824    .text               c_w.l(libspace.o)
    0x000003bc   0x0000000c   Code   RO          883    .text               c_w.l(sys_exit.o)
    0x000003c8   0x00000002   Code   RO          894    .text               c_w.l(use_no_semi.o)
    0x000003ca   0x00000000   Code   RO          896    .text               c_w.l(indicate_semi.o)
    0x000003ca   0x00000002   PAD
    0x000003cc   0x000000ac   Code   RO           12    i.CS_Init           diskio.o
    0x00000478   0x00000016   Code   RO          498    i.Delay1ms          st7735.o
    0x0000048e   0x00000002   PAD
    0x00000490   0x000002cc   Code   RO          459    i.FileSystemTest    sdcfile.o
    0x0000075c   0x0000007c   Code   RO          444    i.PLL_Init          pll.o
    0x000007d8   0x00000098   Code   RO          504    i.SDC_CS_Init       st7735.o
    0x00000870   0x00000148   Code   RO           13    i.SSI0_Init         diskio.o
    0x000009b8   0x00000018   Code   RO          505    i.ST7735_Color565   st7735.o
    0x000009d0   0x0000010c   Code   RO          507    i.ST7735_DrawChar   st7735.o
    0x00000adc   0x000000f4   Code   RO          508    i.ST7735_DrawCharS  st7735.o
    0x00000bd0   0x00000048   Code   RO          512    i.ST7735_DrawPixel  st7735.o
    0x00000c18   0x00000056   Code   RO          514    i.ST7735_DrawString  st7735.o
    0x00000c6e   0x00000002   PAD
    0x00000c70   0x000000ac   Code   RO          515    i.ST7735_FillRect   st7735.o
    0x00000d1c   0x00000024   Code   RO          516    i.ST7735_FillScreen  st7735.o
    0x00000d40   0x0000007c   Code   RO          518    i.ST7735_InitR      st7735.o
    0x00000dbc   0x0000008c   Code   RO          522    i.ST7735_OutUDec    st7735.o
    0x00000e48   0x00000020   Code   RO          531    i.ST7735_SetCursor  st7735.o
    0x00000e68   0x0000000c   Code   RO          533    i.ST7735_SetTextColor  st7735.o
    0x00000e74   0x00000014   Code   RO           14    i.Timer5A_Handler   diskio.o
    0x00000e88   0x0000006c   Code   RO           15    i.Timer5_Init       diskio.o
    0x00000ef4   0x00000090   Code   RO          148    i.check_fs          ff.o
    0x00000f84   0x00000018   Code   RO          149    i.chk_chr           ff.o
    0x00000f9c   0x0000001a   Code   RO          150    i.clust2sect        ff.o
    0x00000fb6   0x00000056   Code   RO          535    i.commandList       st7735.o
    0x0000100c   0x000001b4   Code   RO          536    i.commonInit        st7735.o
    0x000011c0   0x000000d6   Code   RO          151    i.create_chain      ff.o
    0x00001296   0x00000002   PAD
    0x00001298   0x000001b4   Code   RO          152    i.create_name       ff.o
    0x0000144c   0x00000018   Code   RO           16    i.deselect          diskio.o
    0x00001464   0x0000005c   Code   RO          153    i.dir_alloc         ff.o
    0x000014c0   0x0000005c   Code   RO          154    i.dir_find          ff.o
    0x0000151c   0x0000010e   Code   RO          155    i.dir_next          ff.o
    0x0000162a   0x0000003a   Code   RO          157    i.dir_register      ff.o
    0x00001664   0x0000009e   Code   RO          159    i.dir_sdi           ff.o
    0x00001702   0x00000002   PAD
    0x00001704   0x0000015c   Code   RO           17    i.disk_initialize   diskio.o
    0x00001860   0x00000228   Code   RO           18    i.disk_ioctl        diskio.o
    0x00001a88   0x00000090   Code   RO           19    i.disk_read         diskio.o
    0x00001b18   0x00000014   Code   RO           20    i.disk_status       diskio.o
    0x00001b2c   0x00000040   Code   RO           21    i.disk_timerproc    diskio.o
    0x00001b6c   0x000000b4   Code   RO           22    i.disk_write        diskio.o
    0x00001c20   0x00000020   Code   RO          162    i.f_close           ff.o
    0x00001c40   0x0000017e   Code   RO          167    i.f_lseek           ff.o
    0x00001dbe   0x00000002   PAD
    0x00001dc0   0x0000005c   Code   RO          170    i.f_mount           ff.o
    0x00001e1c   0x00000160   Code   RO          171    i.f_open            ff.o
    0x00001f7c   0x0000019e   Code   RO          173    i.f_read            ff.o
    0x0000211a   0x00000002   PAD
    0x0000211c   0x000000b0   Code   RO          178    i.f_sync            ff.o
    0x000021cc   0x000001d6   Code   RO          182    i.f_write           ff.o
    0x000023a2   0x00000002   PAD
    0x000023a4   0x00000048   Code   RO          539    i.fillmessage       st7735.o
    0x000023ec   0x0000038c   Code   RO          183    i.find_volume       ff.o
    0x00002778   0x000000b0   Code   RO          184    i.follow_path       ff.o
    0x00002828   0x000000f2   Code   RO          185    i.get_fat           ff.o
    0x0000291a   0x0000004a   Code   RO          187    i.get_ldnumber      ff.o
    0x00002964   0x0000002c   Code   RO           23    i.init_spi          diskio.o
    0x00002990   0x00000020   Code   RO          188    i.ld_clust          ff.o
    0x000029b0   0x00000350   Code   RO          462    i.main              sdcfile.o
    0x00002d00   0x00000026   Code   RO          189    i.mem_cmp           ff.o
    0x00002d26   0x0000001a   Code   RO          190    i.mem_cpy           ff.o
    0x00002d40   0x00000014   Code   RO          191    i.mem_set           ff.o
    0x00002d54   0x00000034   Code   RO          192    i.move_window       ff.o
    0x00002d88   0x00000012   Code   RO          541    i.pushColor         st7735.o
    0x00002d9a   0x00000146   Code   RO          193    i.put_fat           ff.o
    0x00002ee0   0x00000048   Code   RO           24    i.rcvr_datablock    diskio.o
    0x00002f28   0x0000002c   Code   RO           25    i.rcvr_spi          diskio.o
    0x00002f54   0x00000018   Code   RO           26    i.rcvr_spi_multi    diskio.o
    0x00002f6c   0x0000006c   Code   RO          194    i.remove_chain      ff.o
    0x00002fd8   0x00000034   Code   RO           27    i.select            diskio.o
    0x0000300c   0x00000096   Code   RO           28    i.send_cmd          diskio.o
    0x000030a2   0x00000002   PAD
    0x000030a4   0x00000074   Code   RO          542    i.setAddrWindow     st7735.o
    0x00003118   0x00000010   Code   RO          195    i.st_clust          ff.o
    0x00003128   0x000000c8   Code   RO          196    i.sync_fs           ff.o
    0x000031f0   0x00000052   Code   RO          197    i.sync_window       ff.o
    0x00003242   0x00000036   Code   RO          198    i.validate          ff.o
    0x00003278   0x00000030   Code   RO           29    i.wait_ready        diskio.o
    0x000032a8   0x00000050   Code   RO          543    i.writecommand      st7735.o
    0x000032f8   0x00000050   Code   RO          544    i.writedata         st7735.o
    0x00003348   0x00000034   Code   RO           30    i.xchg_spi          diskio.o
    0x0000337c   0x0000004c   Code   RO           31    i.xmit_datablock    diskio.o
    0x000033c8   0x0000002c   Code   RO           32    i.xmit_spi_multi    diskio.o
    0x000033f4   0x00000011   Data   RO          464    .constdata          sdcfile.o
    0x00003405   0x00000001   PAD
    0x00003406   0x00000842   Data   RO          546    .constdata          st7735.o
    0x00003c48   0x00000020   Data   RO          948    Region$$Table       anon$$obj.o


    Execution Region ER_RW (Base: 0x20000000, Size: 0x00000044, Max: 0xffffffff, ABSOLUTE)

    Base Addr    Size         Type   Attr      Idx    E Section Name        Object

    0x20000000   0x0000000d   Data   RW           33    .data               diskio.o
    0x2000000d   0x00000003   PAD
    0x20000010   0x00000006   Data   RW          200    .data               ff.o
    0x20000016   0x00000002   Data   RW          465    .data               sdcfile.o
    0x20000018   0x0000002c   Data   RW          547    .data               st7735.o


    Execution Region ER_ZI (Base: 0x20000044, Size: 0x00000cec, Max: 0xffffffff, ABSOLUTE)

    Base Addr    Size         Type   Attr      Idx    E Section Name        Object

    0x20000044   0x0000087c   Zero   RW          463    .bss                sdcfile.o
    0x200008c0   0x0000000c   Zero   RW          545    .bss                st7735.o
    0x200008cc   0x00000060   Zero   RW          825    .bss                c_w.l(libspace.o)
    0x2000092c   0x00000004   PAD
    0x20000930   0x00000000   Zero   RW            2    HEAP                startup.o
    0x20000930   0x00000400   Zero   RW            1    STACK               startup.o


==============================================================================

Image component sizes


      Code (inc. data)   RO Data    RW Data    ZI Data      Debug   Object Name

      2566        194          0         13          0      17185   diskio.o
      5786         56          0          6          0      25972   ff.o
       124          6          0          0          0        399   pll.o
      1564        304         17          2       2172       2784   sdcfile.o
      2278        238       2114         44         12      15776   st7735.o
       692        632          0          0       1024        868   startup.o

    ----------------------------------------------------------------------
     13028       1430       2164         68       3208      62984   Object Totals
         0          0         32          0          0          0   (incl. Generated)
        18          0          1          3          0          0   (incl. Padding)

    ----------------------------------------------------------------------

      Code (inc. data)   RO Data    RW Data    ZI Data      Debug   Library Member Name

         8          0          0          0          0         68   __main.o
        52          8          0          0          0          0   __scatter.o
        26          0          0          0          0          0   __scatter_copy.o
        28          0          0          0          0          0   __scatter_zi.o
        12          0          0          0          0         72   exit.o
         6          0          0          0          0        152   heapauxi.o
         0          0          0          0          0          0   indicate_semi.o
         2          0          0          0          0          0   libinit.o
         2          0          0          0          0          0   libinit2.o
         2          0          0          0          0          0   libshutdown.o
         2          0          0          0          0          0   libshutdown2.o
         8          4          0          0         96         68   libspace.o
         0          0          0          0          0          0   rtentry.o
        12          0          0          0          0          0   rtentry2.o
         6          0          0          0          0          0   rtentry4.o
         2          0          0          0          0          0   rtexit.o
        10          0          0          0          0          0   rtexit2.o
        12          4          0          0          0         68   sys_exit.o
        74          0          0          0          0         80   sys_stackheap_outer.o
         2          0          0          0          0         68   use_no_semi.o

    ----------------------------------------------------------------------
       272         16          0          0        100        576   Library Totals
         6          0          0          0          4          0   (incl. Padding)

    ----------------------------------------------------------------------

      Code (inc. data)   RO Data    RW Data    ZI Data      Debug   Library Name

       266         16          0          0         96        576   c_w.l

    ----------------------------------------------------------------------
       272         16          0          0        100        576   Library Totals

    ----------------------------------------------------------------------

==============================================================================


      Code (inc. data)   RO Data    RW Data    ZI Data      Debug   

     13300       1446       2164         68       3308      59348   Grand Totals
     13300       1446       2164         68       3308      59348   ELF Image Totals
     13300       1446       2164         68          0          0   ROM Totals

==============================================================================

    Total RO  Size (Code + RO Data)                15464 (  15.10kB)
    Total RW  Size (RW Data + ZI Data)              3376 (   3.30kB)
    Total ROM Size (Code + RO Data + RW Data)      15532 (  15.17kB)

==============================================================================

