<html>
<body>
<pre>
<h1>µVision Build Log</h1>
<h2>Project:</h2>
C:\Users\OAkun\Desktop\SDCFile_4C123\SDCFile.uvproj
Project File Date:  02/20/2021

<h2>Output:</h2>
Rebuild target 'SDCFile'
assembling startup.s...
compiling diskio.c...
compiling ff.c...
compiling PLL.c...
compiling SDCFile.c...
compiling ST7735.c...
linking...
Program Size: Code=13300 RO-data=2164 RW-data=68 ZI-data=3308  
".\SDCFile.axf" - 0 Error(s), 0 Warning(s).
Load "C:\\Users\\OAkun\\Desktop\\SDCFile_4C123\\SDCFile.axf" 
Connecting: Mode=JTAG, Speed=1000000Hz
Erase Done.
Programming Done.
Verify OK.
</pre>
</body>
</html>

compiling SDCFile.c...
SDCFile.c(65): error:  #5: cannot open source input file "../inc/tm4c123gh6pm.h": No such file or directory
  #include "../inc/tm4c123gh6pm.h"
SDCFile.c: 0 warnings, 1 error
compiling ST7735.c...
ST7735.c(81): error:  #5: cannot open source input file "../inc/tm4c123gh6pm.h": No such file or directory
  #include "../inc/tm4c123gh6pm.h"
ST7735.c: 0 warnings, 1 error
".\SDCFile.axf" - 4 Error(s), 0 Warning(s).
Target not created
