<html>
<body>
<pre>
<h1>µVision Build Log</h1>
<h2>Tool Versions:</h2>
IDE-Version: µVision V5.25.3.0
Copyright (C) 2018 ARM Ltd and ARM Germany GmbH. All rights reserved.
License Information: Felix Chavez, CSULB student, LIC=----
 
Tool Versions:
Toolchain:       MDK-Lite  Version: 4.74.0.0
Toolchain Path:  C:\Keil_v5\ARM\ARMCC\Bin
C Compiler:      Armcc.exe V5.03 [Build 76]
Assembler:       Armasm.exe V5.03.0.76 [Evaluation]
Linker/Locator:  ArmLink.exe V5.03.0.76 [Evaluation]
Library Manager: ArmAr.exe V5.03.0.76 [Evaluation]
Hex Converter:   FromElf.exe V5.03.0.76 [Evaluation]
CPU DLL:         SARMCM3.DLL V4.74.0.0
Dialog DLL:      DCM.DLL V1.10.0.0
Target DLL:      lmidk-agdi.dll V???
Dialog DLL:      TCM.DLL V1.14.1.0
 
<h2>Project:</h2>
C:\Users\Mau\Desktop\Lab11_UART\Lab11.uvproj
Project File Date:  10/23/2020

<h2>Output:</h2>
*** Using Compiler 'V5.03 [Build 76]', folder: 'C:\Keil_v5\ARM\ARMCC\Bin'
Rebuild target 'Lab11'
assembling startup.s...
compiling main.c...
linking...
Program Size: Code=3004 RO-data=696 RW-data=48 ZI-data=1752  
".\Lab11.axf" - 0 Error(s), 0 Warning(s).
Build Time Elapsed:  00:00:01
</pre>
</body>
</html>
